Component: ARM Compiler 5.06 update 4 (build 422) Tool: armlink [4d35d2]

==============================================================================

Section Cross References

    startup_stm32f10x_hd.o(RESET) refers to startup_stm32f10x_hd.o(STACK) for __initial_sp
    startup_stm32f10x_hd.o(RESET) refers to startup_stm32f10x_hd.o(.text) for Reset_Handler
    startup_stm32f10x_hd.o(RESET) refers to stm32f10x_it.o(.text) for NMI_Handler
    startup_stm32f10x_hd.o(RESET) refers to esp8266.o(.text) for DMA1_Channel3_IRQHandler
    startup_stm32f10x_hd.o(RESET) refers to musmart.o(.text) for DMA1_Channel4_IRQHandler
    startup_stm32f10x_hd.o(RESET) refers to basic_periphset.o(.text) for DMA1_Channel6_IRQHandler
    startup_stm32f10x_hd.o(RESET) refers to timref.o(.text) for TIM6_IRQHandler
    startup_stm32f10x_hd.o(.text) refers to system_stm32f10x.o(.text) for SystemInit
    startup_stm32f10x_hd.o(.text) refers to entry.o(.ARM.Collect$$$$00000000) for __main
    system_stm32f10x.o(.text) refers to system_stm32f10x.o(.data) for SystemCoreClock
    stm32f10x_adc.o(.text) refers to stm32f10x_rcc.o(.text) for RCC_APB2PeriphResetCmd
    stm32f10x_bkp.o(.text) refers to stm32f10x_rcc.o(.text) for RCC_BackupResetCmd
    stm32f10x_can.o(.text) refers to stm32f10x_rcc.o(.text) for RCC_APB1PeriphResetCmd
    stm32f10x_cec.o(.text) refers to stm32f10x_rcc.o(.text) for RCC_APB1PeriphResetCmd
    stm32f10x_dac.o(.text) refers to stm32f10x_rcc.o(.text) for RCC_APB1PeriphResetCmd
    stm32f10x_gpio.o(.text) refers to stm32f10x_rcc.o(.text) for RCC_APB2PeriphResetCmd
    stm32f10x_i2c.o(.text) refers to stm32f10x_rcc.o(.text) for RCC_APB1PeriphResetCmd
    stm32f10x_pwr.o(.text) refers to stm32f10x_rcc.o(.text) for RCC_APB1PeriphResetCmd
    stm32f10x_rcc.o(.text) refers to stm32f10x_rcc.o(.data) for APBAHBPrescTable
    stm32f10x_spi.o(.text) refers to stm32f10x_rcc.o(.text) for RCC_APB2PeriphResetCmd
    stm32f10x_tim.o(.text) refers to stm32f10x_rcc.o(.text) for RCC_APB2PeriphResetCmd
    stm32f10x_usart.o(.text) refers to stm32f10x_rcc.o(.text) for RCC_APB2PeriphResetCmd
    stm32f10x_wwdg.o(.text) refers to stm32f10x_rcc.o(.text) for RCC_APB1PeriphResetCmd
    main.o(.text) refers to musmart.o(.text) for localUsartConfig
    main.o(.text) refers to musmart_cho.o(.text) for Bytes_BUS_RecInit
    musmart.o(.text) refers to stm32f10x_rcc.o(.text) for RCC_AHBPeriphClockCmd
    musmart.o(.text) refers to stm32f10x_dma.o(.text) for DMA_DeInit
    musmart.o(.text) refers to stm32f10x_usart.o(.text) for USART_DMACmd
    musmart.o(.text) refers to misc.o(.text) for NVIC_Init
    musmart.o(.text) refers to stm32f10x_gpio.o(.text) for GPIO_Init
    musmart.o(.text) refers to memcpya.o(.text) for __aeabi_memcpy
    musmart.o(.text) refers to looplist.o(.text) for LoopList_AddMultiData
    musmart.o(.text) refers to musmart.o(.bss) for USART1_Send_Branch_Buffer
    musmart.o(.text) refers to musmart.o(.data) for USART1_BASE_HAS_BEEN_INIT_FLAG
    musmart.o(.text) refers to musmart_cho.o(.bss) for DataBuffer
    musmart_cho.o(.text) refers to looplist.o(.text) for LoopList_Init
    musmart_cho.o(.text) refers to musmart.o(.text) for Usart_SendByte_
    musmart_cho.o(.text) refers to esp8266.o(.text) for pWifiRead_
    musmart_cho.o(.text) refers to musmart_cho.o(.bss) for DataBuffer
    musmart_cho.o(.text) refers to musmart.o(.data) for USART1_Channel_FLAG
    musmart_cho.o(.text) refers to esp8266.o(.data) for WIFI_Channel_FLAG
    musmart_cho.o(.text) refers to musmart_config.o(.data) for usmart_nametab
    musmart_cho.o(.text) refers to i2c.o(.data) for iic_cho
    musmart_cho.o(.text) refers to i2c.o(.text) for Queue_readAllDataes
    musmart_cho.o(.text) refers to basic_periphset.o(.data) for data_count_U2
    musmart_cho.o(.text) refers to basic_periphset.o(.bss) for toPc_regdata_U2
    musmart_config.o(.data) refers to musmart_cho.o(.text) for read_addr
    musmart_config.o(.data) refers to basic_periphset.o(.text) for pPinInit
    musmart_config.o(.data) refers to basic_periphfunc.o(.text) for pPinOutPut
    musmart_config.o(.data) refers to i2c.o(.text) for pIICInit
    musmart_config.o(.data) refers to esp8266.o(.text) for pWifiInit
    musmart_config.o(.data) refers to musmart.o(.text) for pUsartOnLine
    basic_periphset.o(.text) refers to stm32f10x_rcc.o(.text) for RCC_APB2PeriphClockCmd
    basic_periphset.o(.text) refers to stm32f10x_gpio.o(.text) for GPIO_Init
    basic_periphset.o(.text) refers to musmart.o(.text) for localUsartConfig
    basic_periphset.o(.text) refers to stm32f10x_dma.o(.text) for DMA_DeInit
    basic_periphset.o(.text) refers to stm32f10x_usart.o(.text) for USART_DMACmd
    basic_periphset.o(.text) refers to misc.o(.text) for NVIC_Init
    basic_periphset.o(.text) refers to basic_periphset.o(.bss) for Pc_regdata_U2
    basic_periphset.o(.text) refers to basic_periphset.o(.data) for USART2_SIZE
    basic_periphset.o(.text) refers to esp8266.o(.data) for WIFI_Channel_FLAG
[...]
    mallocra.o(i.__aligned_malloc$realloc) refers to startup_stm32f10x_hd.o(HEAP) for __heap_base
    mallocra.o(i.__aligned_malloc$realloc) refers to mvars.o(.data) for __microlib_freelist
    mallocra.o(i.__free$realloc$memalign) refers to mvars.o(.data) for __microlib_freelist
    mallocra.o(i.__malloc$realloc$memalign) refers to mallocra.o(i.__aligned_malloc$realloc) for __aligned_malloc$realloc
    mallocra.o(i.__realloc$memalign) refers to mallocra.o(i.__free$realloc$memalign) for __free$realloc$memalign
    mallocra.o(i.__realloc$memalign) refers to mallocra.o(i.internal_alloc) for internal_alloc
    mallocra.o(i.__realloc$memalign) refers to mallocra.o(i.__malloc$realloc$memalign) for __malloc$realloc$memalign
    mallocra.o(i.__realloc$memalign) refers to mvars.o(.data) for __microlib_freelist
    mallocra.o(i.internal_alloc) refers to memcpya.o(.text) for __aeabi_memcpy
    mallocra.o(i.internal_alloc) refers to mvars.o(.data) for __microlib_freelist
    fdiv.o(.text) refers (Special) to iusefp.o(.text) for __I$use$fp
    fdiv.o(.text) refers to fepilogue.o(.text) for _float_round
    dmul.o(.text) refers (Special) to iusefp.o(.text) for __I$use$fp
    dmul.o(.text) refers to depilogue.o(.text) for _double_epilogue
    ffltui.o(.text) refers (Special) to iusefp.o(.text) for __I$use$fp
    ffltui.o(.text) refers to fepilogue.o(.text) for _float_epilogue
    ffixui.o(.text) refers (Special) to iusefp.o(.text) for __I$use$fp
    f2d.o(.text) refers (Special) to iusefp.o(.text) for __I$use$fp
    d2f.o(.text) refers (Special) to iusefp.o(.text) for __I$use$fp
    d2f.o(.text) refers to fepilogue.o(.text) for _float_round
    entry2.o(.ARM.Collect$$$$00000001) refers to entry2.o(.ARM.Collect$$$$00002712) for __lit__00000000
    entry2.o(.ARM.Collect$$$$00002712) refers to startup_stm32f10x_hd.o(STACK) for __initial_sp
    entry2.o(__vectab_stack_and_reset_area) refers to startup_stm32f10x_hd.o(STACK) for __initial_sp
    entry2.o(__vectab_stack_and_reset_area) refers to entry.o(.ARM.Collect$$$$00000000) for __main
    entry5.o(.ARM.Collect$$$$00000004) refers to init.o(.text) for __scatterload
    entry9a.o(.ARM.Collect$$$$0000000B) refers to main.o(.text) for main
    entry9b.o(.ARM.Collect$$$$0000000C) refers to main.o(.text) for main
    fputc.o(i.fputc) refers (Special) to iusesemip.o(.text) for __I$use$semihosting$fputc
    fputc.o(i.fputc) refers (Special) to semi.o(.text) for __semihosting_library_function
    uldiv.o(.text) refers to llushr.o(.text) for __aeabi_llsr
    uldiv.o(.text) refers to llshl.o(.text) for __aeabi_llsl
    depilogue.o(.text) refers to llshl.o(.text) for __aeabi_llsl
    depilogue.o(.text) refers to llushr.o(.text) for __aeabi_llsr
    dadd.o(.text) refers to llshl.o(.text) for __aeabi_llsl
    dadd.o(.text) refers to llsshr.o(.text) for __aeabi_lasr
    dadd.o(.text) refers to depilogue.o(.text) for _double_epilogue
    ddiv.o(.text) refers to depilogue.o(.text) for _double_round
    dfixul.o(.text) refers to llushr.o(.text) for __aeabi_llsr
    dfixul.o(.text) refers to llshl.o(.text) for __aeabi_llsl
    init.o(.text) refers to entry5.o(.ARM.Collect$$$$00000004) for __main_after_scatterload


==============================================================================

Removing Unused input sections from the image.

    Removing core_cm3.o(.emb_text), (32 bytes).
    Removing stm32f10x_bkp.o(.text), (196 bytes).
    Removing stm32f10x_can.o(.text), (2544 bytes).
    Removing stm32f10x_cec.o(.text), (288 bytes).
    Removing stm32f10x_crc.o(.text), (72 bytes).
    Removing stm32f10x_dac.o(.text), (396 bytes).
    Removing stm32f10x_dbgmcu.o(.text), (48 bytes).
    Removing stm32f10x_exti.o(.text), (284 bytes).
    Removing stm32f10x_flash.o(.text), (1468 bytes).
    Removing stm32f10x_fsmc.o(.text), (1548 bytes).
    Removing stm32f10x_i2c.o(.text), (1028 bytes).
    Removing stm32f10x_iwdg.o(.text), (64 bytes).
    Removing stm32f10x_pwr.o(.text), (204 bytes).
    Removing stm32f10x_rtc.o(.text), (328 bytes).
    Removing stm32f10x_sdio.o(.text), (468 bytes).
    Removing stm32f10x_spi.o(.text), (780 bytes).
    Removing stm32f10x_wwdg.o(.text), (136 bytes).
    Removing dadd.o(.text), (334 bytes).
    Removing ddiv.o(.text), (222 bytes).
    Removing dfixul.o(.text), (48 bytes).
    Removing cdrcmple.o(.text), (48 bytes).

21 unused section(s) (total 10536 bytes) removed from the image.

==============================================================================

Image Symbol Table

    Local Symbols

    Symbol Name                              Value     Ov Type        Size  Object(Section)

    ../clib/../cmprslib/zerorunl2.c          0x00000000   Number         0  __dczerorl2.o ABSOLUTE
    ../clib/microlib/division.c              0x00000000   Number         0  uidiv.o ABSOLUTE
    ../clib/microlib/division.c              0x00000000   Number         0  uldiv.o ABSOLUTE
    ../clib/microlib/init/entry.s            0x00000000   Number         0  entry2.o ABSOLUTE
    ../clib/microlib/init/entry.s            0x00000000   Number         0  entry.o ABSOLUTE
    ../clib/microlib/init/entry.s            0x00000000   Number         0  entry7a.o ABSOLUTE
    ../clib/microlib/init/entry.s            0x00000000   Number         0  entry7b.o ABSOLUTE
    ../clib/microlib/init/entry.s            0x00000000   Number         0  entry8a.o ABSOLUTE
    ../clib/microlib/init/entry.s            0x00000000   Number         0  entry8b.o ABSOLUTE
    ../clib/microlib/init/entry.s            0x00000000   Number         0  entry5.o ABSOLUTE
    ../clib/microlib/init/entry.s            0x00000000   Number         0  entry9a.o ABSOLUTE
    ../clib/microlib/init/entry.s            0x00000000   Number         0  entry9b.o ABSOLUTE
    ../clib/microlib/init/entry.s            0x00000000   Number         0  entry10a.o ABSOLUTE
    ../clib/microlib/init/entry.s            0x00000000   Number         0  entry11a.o ABSOLUTE
    ../clib/microlib/init/entry.s            0x00000000   Number         0  entry11b.o ABSOLUTE
    ../clib/microlib/init/entry.s            0x00000000   Number         0  entry10b.o ABSOLUTE
    ../clib/microlib/longlong.c              0x00000000   Number         0  llshl.o ABSOLUTE
    ../clib/microlib/longlong.c              0x00000000   Number         0  llushr.o ABSOLUTE
    ../clib/microlib/longlong.c              0x00000000   Number         0  llsshr.o ABSOLUTE
    ../clib/microlib/malloc/malloc.c         0x00000000   Number         0  malloca.o ABSOLUTE
    ../clib/microlib/malloc/malloc.c         0x00000000   Number         0  mallocra.o ABSOLUTE
    ../clib/microlib/malloc/malloc.c         0x00000000   Number         0  mallocr.o ABSOLUTE
    ../clib/microlib/malloc/malloc.c         0x00000000   Number         0  malloc.o ABSOLUTE
    ../clib/microlib/malloc/mvars.c          0x00000000   Number         0  mvars.o ABSOLUTE
    ../clib/microlib/printf/printf.c         0x00000000   Number         0  printf0.o ABSOLUTE
    ../clib/microlib/printf/printf.c         0x00000000   Number         0  printfb.o ABSOLUTE
    ../clib/microlib/printf/printf.c         0x00000000   Number         0  printfa.o ABSOLUTE
    ../clib/microlib/printf/printf.c         0x00000000   Number         0  printf8.o ABSOLUTE
    ../clib/microlib/printf/printf.c         0x00000000   Number         0  printf7.o ABSOLUTE
    ../clib/microlib/printf/printf.c         0x00000000   Number         0  printf6.o ABSOLUTE
    ../clib/microlib/printf/printf.c         0x00000000   Number         0  printf5.o ABSOLUTE
    ../clib/microlib/printf/printf.c         0x00000000   Number         0  printf4.o ABSOLUTE
    ../clib/microlib/printf/printf.c         0x00000000   Number         0  printf3.o ABSOLUTE
    ../clib/microlib/printf/printf.c         0x00000000   Number         0  printf2.o ABSOLUTE
    ../clib/microlib/printf/printf.c         0x00000000   Number         0  printf1.o ABSOLUTE
    ../clib/microlib/printf/stubs.s          0x00000000   Number         0  stubs.o ABSOLUTE
    ../clib/microlib/stdio/fputc.c           0x00000000   Number         0  fputc.o ABSOLUTE
    ../clib/microlib/stdio/semi.s            0x00000000   Number         0  semi.o ABSOLUTE
    ../clib/microlib/stdio/streams.c         0x00000000   Number         0  stdout.o ABSOLUTE
    ../clib/microlib/string/memcpy.c         0x00000000   Number         0  memcpya.o ABSOLUTE
    ../clib/microlib/string/memcpy.c         0x00000000   Number         0  memcpyb.o ABSOLUTE
    ../clib/microlib/string/memset.c         0x00000000   Number         0  memseta.o ABSOLUTE
    ../clib/microlib/string/strstr.c         0x00000000   Number         0  strstr.o ABSOLUTE
    ../clib/microlib/stubs.s                 0x00000000   Number         0  iusefp.o ABSOLUTE
    ../clib/microlib/stubs.s                 0x00000000   Number         0  iusesemip.o ABSOLUTE
    ../fplib/microlib/d2f.c                  0x00000000   Number         0  d2f.o ABSOLUTE
    ../fplib/microlib/f2d.c                  0x00000000   Number         0  f2d.o ABSOLUTE
    ../fplib/microlib/fpadd.c                0x00000000   Number         0  dadd.o ABSOLUTE
    ../fplib/microlib/fpdiv.c                0x00000000   Number         0  ddiv.o ABSOLUTE
    ../fplib/microlib/fpdiv.c                0x00000000   Number         0  fdiv.o ABSOLUTE
    ../fplib/microlib/fpepilogue.c           0x00000000   Number         0  fepilogue.o ABSOLUTE
    ../fplib/microlib/fpepilogue.c           0x00000000   Number         0  depilogue.o ABSOLUTE
    ../fplib/microlib/fpfix.c                0x00000000   Number         0  dfixul.o ABSOLUTE
    ../fplib/microlib/fpfix.c                0x00000000   Number         0  ffixui.o ABSOLUTE
    ../fplib/microlib/fpflt.c                0x00000000   Number         0  ffltui.o ABSOLUTE
    ../fplib/microlib/fpmul.c                0x00000000   Number         0  dmul.o ABSOLUTE
    ..\..\Libraries\CMSIS\core_cm3.c         0x00000000   Number         0  core_cm3.o ABSOLUTE
    ..\..\Libraries\CMSIS\startup\startup_stm32f10x_hd.s 0x00000000   Number         0  startup_stm32f10x_hd.o ABSOLUTE
    ..\..\Libraries\CMSIS\system_stm32f10x.c 0x00000000   Number         0  system_stm32f10x.o ABSOLUTE
    ..\..\Libraries\FWlib\src\misc.c         0x00000000   Number         0  misc.o ABSOLUTE
    ..\..\Libraries\FWlib\src\stm32f10x_adc.c 0x00000000   Number         0  stm32f10x_adc.o ABSOLUTE
    ..\..\Libraries\FWlib\src\stm32f10x_bkp.c 0x00000000   Number         0  stm32f10x_bkp.o ABSOLUTE
    ..\..\Libraries\FWlib\src\stm32f10x_can.c 0x00000000   Number         0  stm32f10x_can.o ABSOLUTE
    ..\..\Libraries\FWlib\src\stm32f10x_cec.c 0x00000000   Number         0  stm32f10x_cec.o ABSOLUTE
    ..\..\Libraries\FWlib\src\stm32f10x_crc.c 0x00000000   Number         0  stm32f10x_crc.o ABSOLUTE
    ..\..\Libraries\FWlib\src\stm32f10x_dac.c 0x00000000   Number         0  stm32f10x_dac.o ABSOLUTE
    ..\..\Libraries\FWlib\src\stm32f10x_dbgmcu.c 0x00000000   Number         0  stm32f10x_dbgmcu.o ABSOLUTE
    ..\..\Libraries\FWlib\src\stm32f10x_dma.c 0x00000000   Number         0  stm32f10x_dma.o ABSOLUTE
    ..\..\Libraries\FWlib\src\stm32f10x_exti.c 0x00000000   Number         0  stm32f10x_exti.o ABSOLUTE
    ..\..\Libraries\FWlib\src\stm32f10x_flash.c 0x00000000   Number         0  stm32f10x_flash.o ABSOLUTE
    ..\..\Libraries\FWlib\src\stm32f10x_fsmc.c 0x00000000   Number         0  stm32f10x_fsmc.o ABSOLUTE
    ..\..\Libraries\FWlib\src\stm32f10x_gpio.c 0x00000000   Number         0  stm32f10x_gpio.o ABSOLUTE
    ..\..\Libraries\FWlib\src\stm32f10x_i2c.c 0x00000000   Number         0  stm32f10x_i2c.o ABSOLUTE
    ..\..\Libraries\FWlib\src\stm32f10x_iwdg.c 0x00000000   Number         0  stm32f10x_iwdg.o ABSOLUTE
    ..\..\Libraries\FWlib\src\stm32f10x_pwr.c 0x00000000   Number         0  stm32f10x_pwr.o ABSOLUTE
    ..\..\Libraries\FWlib\src\stm32f10x_rcc.c 0x00000000   Number         0  stm32f10x_rcc.o ABSOLUTE
    ..\..\Libraries\FWlib\src\stm32f10x_rtc.c 0x00000000   Number         0  stm32f10x_rtc.o ABSOLUTE
    ..\..\Libraries\FWlib\src\stm32f10x_sdio.c 0x00000000   Number         0  stm32f10x_sdio.o ABSOLUTE
    ..\..\Libraries\FWlib\src\stm32f10x_spi.c 0x00000000   Number         0  stm32f10x_spi.o ABSOLUTE
    ..\..\Libraries\FWlib\src\stm32f10x_tim.c 0x00000000   Number         0  stm32f10x_tim.o ABSOLUTE
    ..\..\Libraries\FWlib\src\stm32f10x_usart.c 0x00000000   Number         0  stm32f10x_usart.o ABSOLUTE
    ..\..\Libraries\FWlib\src\stm32f10x_wwdg.c 0x00000000   Number         0  stm32f10x_wwdg.o ABSOLUTE
    ..\..\SETPERIPH\basic_periphfunc.c       0x00000000   Number         0  basic_periphfunc.o ABSOLUTE
    ..\..\SETPERIPH\basic_periphset.c        0x00000000   Number         0  basic_periphset.o ABSOLUTE
    ..\..\SYS\Common.c                       0x00000000   Number         0  common.o ABSOLUTE
    ..\..\SYS\LoopList.c                     0x00000000   Number         0  looplist.o ABSOLUTE
    ..\..\SYS\esp8266.c                      0x00000000   Number         0  esp8266.o ABSOLUTE
    ..\..\SYS\i2c.c                          0x00000000   Number         0  i2c.o ABSOLUTE
    ..\..\SYS\timref.c                       0x00000000   Number         0  timref.o ABSOLUTE
    ..\..\User\main.c                        0x00000000   Number         0  main.o ABSOLUTE
    ..\..\User\stm32f10x_it.c                0x00000000   Number         0  stm32f10x_it.o ABSOLUTE
    ..\..\basic\musmart.c                    0x00000000   Number         0  musmart.o ABSOLUTE
    ..\..\basic\musmart_cho.c                0x00000000   Number         0  musmart_cho.o ABSOLUTE
    ..\..\basic\musmart_config.c             0x00000000   Number         0  musmart_config.o ABSOLUTE
    ..\\..\\Libraries\\CMSIS\\core_cm3.c     0x00000000   Number         0  core_cm3.o ABSOLUTE
    cdrcmple.s                               0x00000000   Number         0  cdrcmple.o ABSOLUTE
    dc.s                                     0x00000000   Number         0  dc.o ABSOLUTE
    handlers.s                               0x00000000   Number         0  handlers.o ABSOLUTE
    init.s                                   0x00000000   Number         0  init.o ABSOLUTE
    RESET                                    0x08000000   Section      304  startup_stm32f10x_hd.o(RESET)
    .ARM.Collect$$$$00000000                 0x08000130   Section        0  entry.o(.ARM.Collect$$$$00000000)
    .ARM.Collect$$$$00000001                 0x08000130   Section        4  entry2.o(.ARM.Collect$$$$00000001)
    .ARM.Collect$$$$00000004                 0x08000134   Section        4  entry5.o(.ARM.Collect$$$$00000004)
    .ARM.Collect$$$$00000008                 0x08000138   Section        0  entry7b.o(.ARM.Collect$$$$00000008)
    .ARM.Collect$$$$0000000A                 0x08000138   Section        0  entry8b.o(.ARM.Collect$$$$0000000A)
    .ARM.Collect$$$$0000000B                 0x08000138   Section        8  entry9a.o(.ARM.Collect$$$$0000000B)
    .ARM.Collect$$$$0000000D                 0x08000140   Section        0  entry10a.o(.ARM.Collect$$$$0000000D)
    .ARM.Collect$$$$0000000F                 0x08000140   Section        0  entry11a.o(.ARM.Collect$$$$0000000F)
    .ARM.Collect$$$$00002712                 0x08000140   Section        4  entry2.o(.ARM.Collect$$$$00002712)
    __lit__00000000                          0x08000140   Data           4  entry2.o(.ARM.Collect$$$$00002712)
    .text                                    0x08000144   Section       36  startup_stm32f10x_hd.o(.text)
    .text                                    0x08000168   Section        0  system_stm32f10x.o(.text)
    SetSysClockTo72                          0x08000169   Thumb Code   214  system_stm32f10x.o(.text)
    SetSysClock                              0x0800023f   Thumb Code     8  system_stm32f10x.o(.text)
    .text                                    0x08000348   Section        0  misc.o(.text)
    .text                                    0x08000424   Section        0  stm32f10x_adc.o(.text)
    .text                                    0x08000874   Section        0  stm32f10x_dma.o(.text)
    .text                                    0x08000ac8   Section        0  stm32f10x_gpio.o(.text)
    .text                                    0x08000e24   Section        0  stm32f10x_rcc.o(.text)
    .text                                    0x080011c8   Section        0  stm32f10x_tim.o(.text)
    TI4_Config                               0x0800166f   Thumb Code   130  stm32f10x_tim.o(.text)
    TI3_Config                               0x08001703   Thumb Code   122  stm32f10x_tim.o(.text)
    TI2_Config                               0x08001797   Thumb Code   130  stm32f10x_tim.o(.text)
    TI1_Config                               0x0800182b   Thumb Code   108  stm32f10x_tim.o(.text)
    .text                                    0x08001fe4   Section        0  stm32f10x_usart.o(.text)
    .text                                    0x080023ec   Section        0  main.o(.text)
    .text                                    0x080023fc   Section        0  stm32f10x_it.o(.text)
    .text                                    0x08002418   Section        0  musmart.o(.text)
    NVIC_Configuration                       0x080024f3   Thumb Code    90  musmart.o(.text)
    .text                                    0x0800279c   Section        0  musmart_cho.o(.text)
    .text                                    0x08004328   Section        0  basic_periphset.o(.text)
    .text                                    0x08005290   Section        0  basic_periphfunc.o(.text)
    .text                                    0x0800561c   Section        0  timref.o(.text)
    NVIC_TIM6_Config                         0x0800561d   Thumb Code    42  timref.o(.text)
    .text                                    0x080056f8   Section        0  looplist.o(.text)
    .text                                    0x08005874   Section        0  i2c.o(.text)
    .text                                    0x08005eac   Section        0  common.o(.text)
    itoa                                     0x08005ead   Thumb Code    98  common.o(.text)
    .text                                    0x08006014   Section        0  esp8266.o(.text)
    ESP8266_USART_NVIC_Configuration         0x08006051   Thumb Code    64  esp8266.o(.text)
    .text                                    0x08006a30   Section        0  memcpya.o(.text)
    .text                                    0x08006a54   Section        0  memseta.o(.text)
    .text                                    0x08006a78   Section        0  strstr.o(.text)
    .text                                    0x08006a9c   Section        0  fdiv.o(.text)
    .text                                    0x08006b18   Section        0  dmul.o(.text)
    .text                                    0x08006bfc   Section        0  ffltui.o(.text)
    .text                                    0x08006c06   Section        0  ffixui.o(.text)
    .text                                    0x08006c2e   Section        0  f2d.o(.text)
    .text                                    0x08006c54   Section        0  d2f.o(.text)
    .text                                    0x08006c8c   Section        0  uidiv.o(.text)
    .text                                    0x08006cb8   Section        0  fepilogue.o(.text)
    .text                                    0x08006cb8   Section        0  iusefp.o(.text)
    .text                                    0x08006d26   Section        0  depilogue.o(.text)
    .text                                    0x08006de0   Section       36  init.o(.text)
    .text                                    0x08006e04   Section        0  llshl.o(.text)
    .text                                    0x08006e04   Section        0  semi.o(.text)
    .text                                    0x08006e22   Section        0  llushr.o(.text)
    .text                                    0x08006e42   Section        0  __dczerorl2.o(.text)
    .text                                    0x08006e42   Section        0  iusesemip.o(.text)
    i.__0printf$3                            0x08006e98   Section        0  printf3.o(i.__0printf$3)
    i.__0sprintf$3                           0x08006eb8   Section        0  printf3.o(i.__0sprintf$3)
    i.__scatterload_copy                     0x08006ee0   Section       14  handlers.o(i.__scatterload_copy)
    i.__scatterload_null                     0x08006eee   Section        2  handlers.o(i.__scatterload_null)
    i.__scatterload_zeroinit                 0x08006ef0   Section       14  handlers.o(i.__scatterload_zeroinit)
    i._printf_core                           0x08006f00   Section        0  printf3.o(i._printf_core)
    _printf_core                             0x08006f01   Thumb Code   436  printf3.o(i._printf_core)
    i._sputc                                 0x080070b8   Section        0  printf3.o(i._sputc)
    _sputc                                   0x080070b9   Thumb Code    10  printf3.o(i._sputc)
    i.fputc                                  0x080070c2   Section        0  fputc.o(i.fputc)
    i.free                                   0x080070d4   Section        0  malloc.o(i.free)
    i.malloc                                 0x08007124   Section        0  malloc.o(i.malloc)
    .data                                    0x20000000   Section       20  system_stm32f10x.o(.data)
    .data                                    0x20000014   Section       20  stm32f10x_rcc.o(.data)
    APBAHBPrescTable                         0x20000014   Data          16  stm32f10x_rcc.o(.data)
    ADCPrescTable                            0x20000024   Data           4  stm32f10x_rcc.o(.data)
    .data                                    0x20000028   Section        4  musmart.o(.data)
    .data                                    0x2000002c   Section      184  musmart_config.o(.data)
    .data                                    0x200000e4   Section      112  basic_periphset.o(.data)
    .data                                    0x20000154   Section        1  timref.o(.data)
    .data                                    0x20000156   Section       18  i2c.o(.data)
    .data                                    0x20000168   Section       12  esp8266.o(.data)
    .data                                    0x20000174   Section        4  stdout.o(.data)
    .data                                    0x20000178   Section        4  mvars.o(.data)
    .data                                    0x2000017c   Section        4  mvars.o(.data)
    .bss                                     0x20000180   Section     1000  musmart.o(.bss)
    .bss                                     0x20000568   Section      272  musmart_cho.o(.bss)
    .bss                                     0x20000678   Section     2248  basic_periphset.o(.bss)
    .bss                                     0x20000f40   Section       96  timref.o(.bss)
    .bss                                     0x20000fa0   Section      192  i2c.o(.bss)
    .bss                                     0x20001060   Section     1026  esp8266.o(.bss)
    HEAP                                     0x20001468   Section      512  startup_stm32f10x_hd.o(HEAP)
    STACK                                    0x20001668   Section     1024  startup_stm32f10x_hd.o(STACK)

    Global Symbols

    Symbol Name                              Value     Ov Type        Size  Object(Section)

    BuildAttributes$$THM_ISAv4$P$D$K$B$S$PE$A:L22UL41UL21$X:L11$S22US41US21$IEEE1$IW$USESV6$~STKCKD$USESV7$~SHL$OTIME$ROPI$EBA8$MICROLIB$REQ8$PRES8$EABIv2 0x00000000   Number         0  anon$$obj.o ABSOLUTE
    __ARM_use_no_argv                        0x00000000   Number         0  main.o ABSOLUTE
    _printf_a                                0x00000000   Number         0  stubs.o ABSOLUTE
    _printf_c                                0x00000000   Number         0  stubs.o ABSOLUTE
    _printf_charcount                        0x00000000   Number         0  stubs.o ABSOLUTE
    _printf_d                                0x00000000   Number         0  stubs.o ABSOLUTE
    _printf_e                                0x00000000   Number         0  stubs.o ABSOLUTE
    _printf_f                                0x00000000   Number         0  stubs.o ABSOLUTE
    _printf_flags                            0x00000000   Number         0  stubs.o ABSOLUTE
    _printf_fp_dec                           0x00000000   Number         0  stubs.o ABSOLUTE
    _printf_fp_hex                           0x00000000   Number         0  stubs.o ABSOLUTE
    _printf_g                                0x00000000   Number         0  stubs.o ABSOLUTE
    _printf_i                                0x00000000   Number         0  stubs.o ABSOLUTE
    _printf_int_dec                          0x00000000   Number         0  stubs.o ABSOLUTE
    _printf_l                                0x00000000   Number         0  stubs.o ABSOLUTE
    _printf_lc                               0x00000000   Number         0  stubs.o ABSOLUTE
    _printf_ll                               0x00000000   Number         0  stubs.o ABSOLUTE
    _printf_lld                              0x00000000   Number         0  stubs.o ABSOLUTE
    _printf_lli                              0x00000000   Number         0  stubs.o ABSOLUTE
    _printf_llo                              0x00000000   Number         0  stubs.o ABSOLUTE
    _printf_llu                              0x00000000   Number         0  stubs.o ABSOLUTE
    _printf_llx                              0x00000000   Number         0  stubs.o ABSOLUTE
    _printf_longlong_dec                     0x00000000   Number         0  stubs.o ABSOLUTE
    _printf_longlong_hex                     0x00000000   Number         0  stubs.o ABSOLUTE
    _printf_longlong_oct                     0x00000000   Number         0  stubs.o ABSOLUTE
    _printf_ls                               0x00000000   Number         0  stubs.o ABSOLUTE
    _printf_mbtowc                           0x00000000   Number         0  stubs.o ABSOLUTE
    _printf_n                                0x00000000   Number         0  stubs.o ABSOLUTE
    _printf_o                                0x00000000   Number         0  stubs.o ABSOLUTE
    _printf_p                                0x00000000   Number         0  stubs.o ABSOLUTE
    _printf_percent                          0x00000000   Number         0  stubs.o ABSOLUTE
    _printf_pre_padding                      0x00000000   Number         0  stubs.o ABSOLUTE
    _printf_return_value                     0x00000000   Number         0  stubs.o ABSOLUTE
    _printf_s                                0x00000000   Number         0  stubs.o ABSOLUTE
    _printf_sizespec                         0x00000000   Number         0  stubs.o ABSOLUTE
    _printf_str                              0x00000000   Number         0  stubs.o ABSOLUTE
    _printf_truncate_signed                  0x00000000   Number         0  stubs.o ABSOLUTE
    _printf_truncate_unsigned                0x00000000   Number         0  stubs.o ABSOLUTE
    _printf_u                                0x00000000   Number         0  stubs.o ABSOLUTE
    _printf_wc                               0x00000000   Number         0  stubs.o ABSOLUTE
    _printf_wctomb                           0x00000000   Number         0  stubs.o ABSOLUTE
    _printf_widthprec                        0x00000000   Number         0  stubs.o ABSOLUTE
    _printf_x                                0x00000000   Number         0  stubs.o ABSOLUTE
    __cpp_initialize__aeabi_                  - Undefined Weak Reference
    __cxa_finalize                            - Undefined Weak Reference
    _clock_init                               - Undefined Weak Reference
    _microlib_exit                            - Undefined Weak Reference
    __Vectors_Size                           0x00000130   Number         0  startup_stm32f10x_hd.o ABSOLUTE
    __Vectors                                0x08000000   Data           4  startup_stm32f10x_hd.o(RESET)
    __Vectors_End                            0x08000130   Data           0  startup_stm32f10x_hd.o(RESET)
    __main                                   0x08000131   Thumb Code     0  entry.o(.ARM.Collect$$$$00000000)
    _main_stk                                0x08000131   Thumb Code     0  entry2.o(.ARM.Collect$$$$00000001)
    _main_scatterload                        0x08000135   Thumb Code     0  entry5.o(.ARM.Collect$$$$00000004)
    __main_after_scatterload                 0x08000139   Thumb Code     0  entry5.o(.ARM.Collect$$$$00000004)
    _main_clock                              0x08000139   Thumb Code     0  entry7b.o(.ARM.Collect$$$$00000008)
    _main_cpp_init                           0x08000139   Thumb Code     0  entry8b.o(.ARM.Collect$$$$0000000A)
    _main_init                               0x08000139   Thumb Code     0  entry9a.o(.ARM.Collect$$$$0000000B)
    __rt_final_cpp                           0x08000141   Thumb Code     0  entry10a.o(.ARM.Collect$$$$0000000D)
    __rt_final_exit                          0x08000141   Thumb Code     0  entry11a.o(.ARM.Collect$$$$0000000F)
    Reset_Handler                            0x08000145   Thumb Code     8  startup_stm32f10x_hd.o(.text)
    ADC1_2_IRQHandler                        0x0800015f   Thumb Code     0  startup_stm32f10x_hd.o(.text)
    ADC3_IRQHandler                          0x0800015f   Thumb Code     0  startup_stm32f10x_hd.o(.text)
    CAN1_RX1_IRQHandler                      0x0800015f   Thumb Code     0  startup_stm32f10x_hd.o(.text)
    CAN1_SCE_IRQHandler                      0x0800015f   Thumb Code     0  startup_stm32f10x_hd.o(.text)
    DMA1_Channel1_IRQHandler                 0x0800015f   Thumb Code     0  startup_stm32f10x_hd.o(.text)
    DMA1_Channel2_IRQHandler                 0x0800015f   Thumb Code     0  startup_stm32f10x_hd.o(.text)
    DMA1_Channel7_IRQHandler                 0x0800015f   Thumb Code     0  startup_stm32f10x_hd.o(.text)
    DMA2_Channel1_IRQHandler                 0x0800015f   Thumb Code     0  startup_stm32f10x_hd.o(.text)
    DMA2_Channel2_IRQHandler                 0x0800015f   Thumb Code     0  startup_stm32f10x_hd.o(.text)
    DMA2_Channel4_5_IRQHandler               0x0800015f   Thumb Code     0  startup_stm32f10x_hd.o(.text)
    EXTI0_IRQHandler                         0x0800015f   Thumb Code     0  startup_stm32f10x_hd.o(.text)
    EXTI15_10_IRQHandler                     0x0800015f   Thumb Code     0  startup_stm32f10x_hd.o(.text)
    EXTI1_IRQHandler                         0x0800015f   Thumb Code     0  startup_stm32f10x_hd.o(.text)
    EXTI2_IRQHandler                         0x0800015f   Thumb Code     0  startup_stm32f10x_hd.o(.text)
    EXTI3_IRQHandler                         0x0800015f   Thumb Code     0  startup_stm32f10x_hd.o(.text)
    EXTI4_IRQHandler                         0x0800015f   Thumb Code     0  startup_stm32f10x_hd.o(.text)
    EXTI9_5_IRQHandler                       0x0800015f   Thumb Code     0  startup_stm32f10x_hd.o(.text)
    FLASH_IRQHandler                         0x0800015f   Thumb Code     0  startup_stm32f10x_hd.o(.text)
    FSMC_IRQHandler                          0x0800015f   Thumb Code     0  startup_stm32f10x_hd.o(.text)
    I2C1_ER_IRQHandler                       0x0800015f   Thumb Code     0  startup_stm32f10x_hd.o(.text)
    I2C1_EV_IRQHandler                       0x0800015f   Thumb Code     0  startup_stm32f10x_hd.o(.text)
    I2C2_ER_IRQHandler                       0x0800015f   Thumb Code     0  startup_stm32f10x_hd.o(.text)
    I2C2_EV_IRQHandler                       0x0800015f   Thumb Code     0  startup_stm32f10x_hd.o(.text)
    PVD_IRQHandler                           0x0800015f   Thumb Code     0  startup_stm32f10x_hd.o(.text)
    RCC_IRQHandler                           0x0800015f   Thumb Code     0  startup_stm32f10x_hd.o(.text)
    RTCAlarm_IRQHandler                      0x0800015f   Thumb Code     0  startup_stm32f10x_hd.o(.text)
    RTC_IRQHandler                           0x0800015f   Thumb Code     0  startup_stm32f10x_hd.o(.text)
    SDIO_IRQHandler                          0x0800015f   Thumb Code     0  startup_stm32f10x_hd.o(.text)
    SPI1_IRQHandler                          0x0800015f   Thumb Code     0  startup_stm32f10x_hd.o(.text)
    SPI2_IRQHandler                          0x0800015f   Thumb Code     0  startup_stm32f10x_hd.o(.text)
    SPI3_IRQHandler                          0x0800015f   Thumb Code     0  startup_stm32f10x_hd.o(.text)
    TAMPER_IRQHandler                        0x0800015f   Thumb Code     0  startup_stm32f10x_hd.o(.text)
    TIM1_BRK_IRQHandler                      0x0800015f   Thumb Code     0  startup_stm32f10x_hd.o(.text)
    TIM1_CC_IRQHandler                       0x0800015f   Thumb Code     0  startup_stm32f10x_hd.o(.text)
    TIM1_TRG_COM_IRQHandler                  0x0800015f   Thumb Code     0  startup_stm32f10x_hd.o(.text)
    TIM1_UP_IRQHandler                       0x0800015f   Thumb Code     0  startup_stm32f10x_hd.o(.text)
    TIM7_IRQHandler                          0x0800015f   Thumb Code     0  startup_stm32f10x_hd.o(.text)
    TIM8_BRK_IRQHandler                      0x0800015f   Thumb Code     0  startup_stm32f10x_hd.o(.text)
    TIM8_CC_IRQHandler                       0x0800015f   Thumb Code     0  startup_stm32f10x_hd.o(.text)
    TIM8_TRG_COM_IRQHandler                  0x0800015f   Thumb Code     0  startup_stm32f10x_hd.o(.text)
    TIM8_UP_IRQHandler                       0x0800015f   Thumb Code     0  startup_stm32f10x_hd.o(.text)
    UART5_IRQHandler                         0x0800015f   Thumb Code     0  startup_stm32f10x_hd.o(.text)
    USBWakeUp_IRQHandler                     0x0800015f   Thumb Code     0  startup_stm32f10x_hd.o(.text)
    USB_HP_CAN1_TX_IRQHandler                0x0800015f   Thumb Code     0  startup_stm32f10x_hd.o(.text)
    USB_LP_CAN1_RX0_IRQHandler               0x0800015f   Thumb Code     0  startup_stm32f10x_hd.o(.text)
    WWDG_IRQHandler                          0x0800015f   Thumb Code     0  startup_stm32f10x_hd.o(.text)
    SystemInit                               0x08000247   Thumb Code    78  system_stm32f10x.o(.text)
    SystemCoreClockUpdate                    0x08000295   Thumb Code   142  system_stm32f10x.o(.text)
    NVIC_PriorityGroupConfig                 0x08000349   Thumb Code    10  misc.o(.text)
    NVIC_Init                                0x08000353   Thumb Code   100  misc.o(.text)
    NVIC_SetVectorTable                      0x080003b7   Thumb Code    14  misc.o(.text)
    NVIC_SystemLPConfig                      0x080003c5   Thumb Code    34  misc.o(.text)
    SysTick_CLKSourceConfig                  0x080003e7   Thumb Code    40  misc.o(.text)
    ADC_DeInit                               0x08000425   Thumb Code    78  stm32f10x_adc.o(.text)
    ADC_Init                                 0x08000473   Thumb Code    70  stm32f10x_adc.o(.text)
    ADC_StructInit                           0x080004b9   Thumb Code    18  stm32f10x_adc.o(.text)
    ADC_Cmd                                  0x080004cb   Thumb Code    22  stm32f10x_adc.o(.text)
    ADC_DMACmd                               0x080004e1   Thumb Code    22  stm32f10x_adc.o(.text)
    ADC_ITConfig                             0x080004f7   Thumb Code    24  stm32f10x_adc.o(.text)
    ADC_ResetCalibration                     0x0800050f   Thumb Code    10  stm32f10x_adc.o(.text)
    ADC_GetResetCalibrationStatus            0x08000519   Thumb Code    20  stm32f10x_adc.o(.text)
    ADC_StartCalibration                     0x0800052d   Thumb Code    10  stm32f10x_adc.o(.text)
    ADC_GetCalibrationStatus                 0x08000537   Thumb Code    20  stm32f10x_adc.o(.text)
    ADC_SoftwareStartConvCmd                 0x0800054b   Thumb Code    22  stm32f10x_adc.o(.text)
    ADC_GetSoftwareStartConvStatus           0x08000561   Thumb Code    20  stm32f10x_adc.o(.text)
    ADC_DiscModeChannelCountConfig           0x08000575   Thumb Code    24  stm32f10x_adc.o(.text)
    ADC_DiscModeCmd                          0x0800058d   Thumb Code    22  stm32f10x_adc.o(.text)
    ADC_RegularChannelConfig                 0x080005a3   Thumb Code   184  stm32f10x_adc.o(.text)
    ADC_ExternalTrigConvCmd                  0x0800065b   Thumb Code    22  stm32f10x_adc.o(.text)
    ADC_GetConversionValue                   0x08000671   Thumb Code     8  stm32f10x_adc.o(.text)
    ADC_GetDualModeConversionValue           0x08000679   Thumb Code     8  stm32f10x_adc.o(.text)
    ADC_AutoInjectedConvCmd                  0x08000681   Thumb Code    22  stm32f10x_adc.o(.text)
    ADC_InjectedDiscModeCmd                  0x08000697   Thumb Code    22  stm32f10x_adc.o(.text)
    ADC_ExternalTrigInjectedConvConfig       0x080006ad   Thumb Code    16  stm32f10x_adc.o(.text)
    ADC_ExternalTrigInjectedConvCmd          0x080006bd   Thumb Code    22  stm32f10x_adc.o(.text)
    ADC_SoftwareStartInjectedConvCmd         0x080006d3   Thumb Code    22  stm32f10x_adc.o(.text)
    ADC_GetSoftwareStartInjectedConvCmdStatus 0x080006e9   Thumb Code    20  stm32f10x_adc.o(.text)
    ADC_InjectedChannelConfig                0x080006fd   Thumb Code   130  stm32f10x_adc.o(.text)
    ADC_InjectedSequencerLengthConfig        0x0800077f   Thumb Code    24  stm32f10x_adc.o(.text)
    ADC_SetInjectedOffset                    0x08000797   Thumb Code    20  stm32f10x_adc.o(.text)
    ADC_GetInjectedConversionValue           0x080007ab   Thumb Code    28  stm32f10x_adc.o(.text)
    ADC_AnalogWatchdogCmd                    0x080007c7   Thumb Code    16  stm32f10x_adc.o(.text)
    ADC_AnalogWatchdogThresholdsConfig       0x080007d7   Thumb Code     6  stm32f10x_adc.o(.text)
    ADC_AnalogWatchdogSingleChannelConfig    0x080007dd   Thumb Code    16  stm32f10x_adc.o(.text)
    ADC_TempSensorVrefintCmd                 0x080007ed   Thumb Code    64  stm32f10x_adc.o(.text)
    ADC_GetFlagStatus                        0x0800082d   Thumb Code    18  stm32f10x_adc.o(.text)
    ADC_ClearFlag                            0x0800083f   Thumb Code     6  stm32f10x_adc.o(.text)
    ADC_GetITStatus                          0x08000845   Thumb Code    36  stm32f10x_adc.o(.text)
    ADC_ClearITPendingBit                    0x08000869   Thumb Code    10  stm32f10x_adc.o(.text)
    DMA_DeInit                               0x08000875   Thumb Code   324  stm32f10x_dma.o(.text)
    DMA_Init                                 0x080009b9   Thumb Code    60  stm32f10x_dma.o(.text)
    DMA_StructInit                           0x080009f5   Thumb Code    26  stm32f10x_dma.o(.text)
    DMA_Cmd                                  0x08000a0f   Thumb Code    24  stm32f10x_dma.o(.text)
    DMA_ITConfig                             0x08000a27   Thumb Code    18  stm32f10x_dma.o(.text)
    DMA_SetCurrDataCounter                   0x08000a39   Thumb Code     4  stm32f10x_dma.o(.text)
    DMA_GetCurrDataCounter                   0x08000a3d   Thumb Code     8  stm32f10x_dma.o(.text)
    DMA_GetFlagStatus                        0x08000a45   Thumb Code    40  stm32f10x_dma.o(.text)
    DMA_ClearFlag                            0x08000a6d   Thumb Code    22  stm32f10x_dma.o(.text)
    DMA_GetITStatus                          0x08000a83   Thumb Code    40  stm32f10x_dma.o(.text)
    DMA_ClearITPendingBit                    0x08000aab   Thumb Code    22  stm32f10x_dma.o(.text)
    GPIO_DeInit                              0x08000ac9   Thumb Code   172  stm32f10x_gpio.o(.text)
    GPIO_AFIODeInit                          0x08000b75   Thumb Code    20  stm32f10x_gpio.o(.text)
    GPIO_Init                                0x08000b89   Thumb Code   278  stm32f10x_gpio.o(.text)
    GPIO_StructInit                          0x08000c9f   Thumb Code    16  stm32f10x_gpio.o(.text)
    GPIO_ReadInputDataBit                    0x08000caf   Thumb Code    18  stm32f10x_gpio.o(.text)
    GPIO_ReadInputData                       0x08000cc1   Thumb Code     8  stm32f10x_gpio.o(.text)
    GPIO_ReadOutputDataBit                   0x08000cc9   Thumb Code    18  stm32f10x_gpio.o(.text)
    GPIO_ReadOutputData                      0x08000cdb   Thumb Code     8  stm32f10x_gpio.o(.text)
    GPIO_SetBits                             0x08000ce3   Thumb Code     4  stm32f10x_gpio.o(.text)
    GPIO_ResetBits                           0x08000ce7   Thumb Code     4  stm32f10x_gpio.o(.text)
    GPIO_WriteBit                            0x08000ceb   Thumb Code    10  stm32f10x_gpio.o(.text)
    GPIO_Write                               0x08000cf5   Thumb Code     4  stm32f10x_gpio.o(.text)
    GPIO_PinLockConfig                       0x08000cf9   Thumb Code    18  stm32f10x_gpio.o(.text)
    GPIO_EventOutputConfig                   0x08000d0b   Thumb Code    26  stm32f10x_gpio.o(.text)
    GPIO_EventOutputCmd                      0x08000d25   Thumb Code     6  stm32f10x_gpio.o(.text)
    GPIO_PinRemapConfig                      0x08000d2b   Thumb Code   138  stm32f10x_gpio.o(.text)
    GPIO_EXTILineConfig                      0x08000db5   Thumb Code    66  stm32f10x_gpio.o(.text)
    GPIO_ETH_MediaInterfaceConfig            0x08000df7   Thumb Code     8  stm32f10x_gpio.o(.text)
    RCC_DeInit                               0x08000e25   Thumb Code    64  stm32f10x_rcc.o(.text)
    RCC_HSEConfig                            0x08000e65   Thumb Code    70  stm32f10x_rcc.o(.text)
    RCC_GetFlagStatus                        0x08000eab   Thumb Code    56  stm32f10x_rcc.o(.text)
    RCC_WaitForHSEStartUp                    0x08000ee3   Thumb Code    56  stm32f10x_rcc.o(.text)
    RCC_AdjustHSICalibrationValue            0x08000f1b   Thumb Code    20  stm32f10x_rcc.o(.text)
    RCC_HSICmd                               0x08000f2f   Thumb Code     6  stm32f10x_rcc.o(.text)
    RCC_PLLConfig                            0x08000f35   Thumb Code    24  stm32f10x_rcc.o(.text)
    RCC_PLLCmd                               0x08000f4d   Thumb Code     6  stm32f10x_rcc.o(.text)
    RCC_SYSCLKConfig                         0x08000f53   Thumb Code    18  stm32f10x_rcc.o(.text)
    RCC_GetSYSCLKSource                      0x08000f65   Thumb Code    10  stm32f10x_rcc.o(.text)
    RCC_HCLKConfig                           0x08000f6f   Thumb Code    18  stm32f10x_rcc.o(.text)
    RCC_PCLK1Config                          0x08000f81   Thumb Code    18  stm32f10x_rcc.o(.text)
    RCC_PCLK2Config                          0x08000f93   Thumb Code    20  stm32f10x_rcc.o(.text)
    RCC_ITConfig                             0x08000fa7   Thumb Code    26  stm32f10x_rcc.o(.text)
    RCC_USBCLKConfig                         0x08000fc1   Thumb Code     8  stm32f10x_rcc.o(.text)
    RCC_ADCCLKConfig                         0x08000fc9   Thumb Code    18  stm32f10x_rcc.o(.text)
    RCC_LSEConfig                            0x08000fdb   Thumb Code    50  stm32f10x_rcc.o(.text)
    RCC_LSICmd                               0x0800100d   Thumb Code     6  stm32f10x_rcc.o(.text)
    RCC_RTCCLKConfig                         0x08001013   Thumb Code    12  stm32f10x_rcc.o(.text)
    RCC_RTCCLKCmd                            0x0800101f   Thumb Code     8  stm32f10x_rcc.o(.text)
    RCC_GetClocksFreq                        0x08001027   Thumb Code   192  stm32f10x_rcc.o(.text)
    RCC_AHBPeriphClockCmd                    0x080010e7   Thumb Code    26  stm32f10x_rcc.o(.text)
    RCC_APB2PeriphClockCmd                   0x08001101   Thumb Code    26  stm32f10x_rcc.o(.text)
    RCC_APB1PeriphClockCmd                   0x0800111b   Thumb Code    26  stm32f10x_rcc.o(.text)
    RCC_APB2PeriphResetCmd                   0x08001135   Thumb Code    26  stm32f10x_rcc.o(.text)
    RCC_APB1PeriphResetCmd                   0x0800114f   Thumb Code    26  stm32f10x_rcc.o(.text)
    RCC_BackupResetCmd                       0x08001169   Thumb Code     8  stm32f10x_rcc.o(.text)
    RCC_ClockSecuritySystemCmd               0x08001171   Thumb Code     6  stm32f10x_rcc.o(.text)
    RCC_MCOConfig                            0x08001177   Thumb Code     6  stm32f10x_rcc.o(.text)
    RCC_ClearFlag                            0x0800117d   Thumb Code    14  stm32f10x_rcc.o(.text)
    RCC_GetITStatus                          0x0800118b   Thumb Code    20  stm32f10x_rcc.o(.text)
    RCC_ClearITPendingBit                    0x0800119f   Thumb Code     6  stm32f10x_rcc.o(.text)
    TIM_DeInit                               0x080011c9   Thumb Code   424  stm32f10x_tim.o(.text)
    TIM_TimeBaseInit                         0x08001371   Thumb Code   122  stm32f10x_tim.o(.text)
    TIM_OC1Init                              0x080013eb   Thumb Code   132  stm32f10x_tim.o(.text)
    TIM_OC2Init                              0x0800146f   Thumb Code   154  stm32f10x_tim.o(.text)
    TIM_OC3Init                              0x08001509   Thumb Code   150  stm32f10x_tim.o(.text)
    TIM_OC4Init                              0x0800159f   Thumb Code   182  stm32f10x_tim.o(.text)
    TIM_SetIC4Prescaler                      0x08001655   Thumb Code    26  stm32f10x_tim.o(.text)
    TIM_SetIC3Prescaler                      0x080016f1   Thumb Code    18  stm32f10x_tim.o(.text)
    TIM_SetIC2Prescaler                      0x0800177d   Thumb Code    26  stm32f10x_tim.o(.text)
    TIM_SetIC1Prescaler                      0x08001819   Thumb Code    18  stm32f10x_tim.o(.text)
    TIM_ICInit                               0x08001897   Thumb Code   150  stm32f10x_tim.o(.text)
    TIM_PWMIConfig                           0x0800192d   Thumb Code   124  stm32f10x_tim.o(.text)
    TIM_BDTRConfig                           0x080019a9   Thumb Code    32  stm32f10x_tim.o(.text)
    TIM_TimeBaseStructInit                   0x080019c9   Thumb Code    18  stm32f10x_tim.o(.text)
    TIM_OCStructInit                         0x080019db   Thumb Code    20  stm32f10x_tim.o(.text)
    TIM_ICStructInit                         0x080019ef   Thumb Code    18  stm32f10x_tim.o(.text)
    TIM_BDTRStructInit                       0x08001a01   Thumb Code    40  stm32f10x_tim.o(.text)
    TIM_Cmd                                  0x08001a29   Thumb Code    24  stm32f10x_tim.o(.text)
    TIM_CtrlPWMOutputs                       0x08001a41   Thumb Code    30  stm32f10x_tim.o(.text)
    TIM_ITConfig                             0x08001a5f   Thumb Code    18  stm32f10x_tim.o(.text)
    TIM_GenerateEvent                        0x08001a71   Thumb Code     4  stm32f10x_tim.o(.text)
    TIM_DMAConfig                            0x08001a75   Thumb Code    10  stm32f10x_tim.o(.text)
    TIM_DMACmd                               0x08001a7f   Thumb Code    18  stm32f10x_tim.o(.text)
    TIM_InternalClockConfig                  0x08001a91   Thumb Code    12  stm32f10x_tim.o(.text)
    TIM_SelectInputTrigger                   0x08001a9d   Thumb Code    18  stm32f10x_tim.o(.text)
    TIM_ITRxExternalClockConfig              0x08001aaf   Thumb Code    24  stm32f10x_tim.o(.text)
    TIM_TIxExternalClockConfig               0x08001ac7   Thumb Code    62  stm32f10x_tim.o(.text)
    TIM_ETRConfig                            0x08001b05   Thumb Code    28  stm32f10x_tim.o(.text)
    TIM_ETRClockMode1Config                  0x08001b21   Thumb Code    54  stm32f10x_tim.o(.text)
    TIM_ETRClockMode2Config                  0x08001b57   Thumb Code    32  stm32f10x_tim.o(.text)
    TIM_PrescalerConfig                      0x08001b77   Thumb Code     6  stm32f10x_tim.o(.text)
    TIM_CounterModeConfig                    0x08001b7d   Thumb Code    18  stm32f10x_tim.o(.text)
    TIM_EncoderInterfaceConfig               0x08001b8f   Thumb Code    66  stm32f10x_tim.o(.text)
    TIM_ForcedOC1Config                      0x08001bd1   Thumb Code    18  stm32f10x_tim.o(.text)
    TIM_ForcedOC2Config                      0x08001be3   Thumb Code    26  stm32f10x_tim.o(.text)
    TIM_ForcedOC3Config                      0x08001bfd   Thumb Code    18  stm32f10x_tim.o(.text)
    TIM_ForcedOC4Config                      0x08001c0f   Thumb Code    26  stm32f10x_tim.o(.text)
    TIM_ARRPreloadConfig                     0x08001c29   Thumb Code    24  stm32f10x_tim.o(.text)
    TIM_SelectCOM                            0x08001c41   Thumb Code    24  stm32f10x_tim.o(.text)
    TIM_SelectCCDMA                          0x08001c59   Thumb Code    24  stm32f10x_tim.o(.text)
    TIM_CCPreloadControl                     0x08001c71   Thumb Code    24  stm32f10x_tim.o(.text)
    TIM_OC1PreloadConfig                     0x08001c89   Thumb Code    18  stm32f10x_tim.o(.text)
    TIM_OC2PreloadConfig                     0x08001c9b   Thumb Code    26  stm32f10x_tim.o(.text)
    TIM_OC3PreloadConfig                     0x08001cb5   Thumb Code    18  stm32f10x_tim.o(.text)
    TIM_OC4PreloadConfig                     0x08001cc7   Thumb Code    26  stm32f10x_tim.o(.text)
    TIM_OC1FastConfig                        0x08001ce1   Thumb Code    18  stm32f10x_tim.o(.text)
    TIM_OC2FastConfig                        0x08001cf3   Thumb Code    26  stm32f10x_tim.o(.text)
    TIM_OC3FastConfig                        0x08001d0d   Thumb Code    18  stm32f10x_tim.o(.text)
    TIM_OC4FastConfig                        0x08001d1f   Thumb Code    26  stm32f10x_tim.o(.text)
    TIM_ClearOC1Ref                          0x08001d39   Thumb Code    18  stm32f10x_tim.o(.text)
    TIM_ClearOC2Ref                          0x08001d4b   Thumb Code    24  stm32f10x_tim.o(.text)
    TIM_ClearOC3Ref                          0x08001d63   Thumb Code    18  stm32f10x_tim.o(.text)
    TIM_ClearOC4Ref                          0x08001d75   Thumb Code    24  stm32f10x_tim.o(.text)
    TIM_OC1PolarityConfig                    0x08001d8d   Thumb Code    18  stm32f10x_tim.o(.text)
    TIM_OC1NPolarityConfig                   0x08001d9f   Thumb Code    18  stm32f10x_tim.o(.text)
    TIM_OC2PolarityConfig                    0x08001db1   Thumb Code    26  stm32f10x_tim.o(.text)
    TIM_OC2NPolarityConfig                   0x08001dcb   Thumb Code    26  stm32f10x_tim.o(.text)
    TIM_OC3PolarityConfig                    0x08001de5   Thumb Code    26  stm32f10x_tim.o(.text)
    TIM_OC3NPolarityConfig                   0x08001dff   Thumb Code    26  stm32f10x_tim.o(.text)
    TIM_OC4PolarityConfig                    0x08001e19   Thumb Code    26  stm32f10x_tim.o(.text)
    TIM_CCxCmd                               0x08001e33   Thumb Code    30  stm32f10x_tim.o(.text)
    TIM_CCxNCmd                              0x08001e51   Thumb Code    30  stm32f10x_tim.o(.text)
    TIM_SelectOCxM                           0x08001e6f   Thumb Code    82  stm32f10x_tim.o(.text)
    TIM_UpdateDisableConfig                  0x08001ec1   Thumb Code    24  stm32f10x_tim.o(.text)
    TIM_UpdateRequestConfig                  0x08001ed9   Thumb Code    24  stm32f10x_tim.o(.text)
    TIM_SelectHallSensor                     0x08001ef1   Thumb Code    24  stm32f10x_tim.o(.text)
    TIM_SelectOnePulseMode                   0x08001f09   Thumb Code    18  stm32f10x_tim.o(.text)
    TIM_SelectOutputTrigger                  0x08001f1b   Thumb Code    18  stm32f10x_tim.o(.text)
    TIM_SelectSlaveMode                      0x08001f2d   Thumb Code    18  stm32f10x_tim.o(.text)
    TIM_SelectMasterSlaveMode                0x08001f3f   Thumb Code    18  stm32f10x_tim.o(.text)
    TIM_SetCounter                           0x08001f51   Thumb Code     4  stm32f10x_tim.o(.text)
    TIM_SetAutoreload                        0x08001f55   Thumb Code     4  stm32f10x_tim.o(.text)
    TIM_SetCompare1                          0x08001f59   Thumb Code     4  stm32f10x_tim.o(.text)
    TIM_SetCompare2                          0x08001f5d   Thumb Code     4  stm32f10x_tim.o(.text)
    TIM_SetCompare3                          0x08001f61   Thumb Code     4  stm32f10x_tim.o(.text)
    TIM_SetCompare4                          0x08001f65   Thumb Code     6  stm32f10x_tim.o(.text)
    TIM_SetClockDivision                     0x08001f6b   Thumb Code    18  stm32f10x_tim.o(.text)
    TIM_GetCapture1                          0x08001f7d   Thumb Code     6  stm32f10x_tim.o(.text)
    TIM_GetCapture2                          0x08001f83   Thumb Code     6  stm32f10x_tim.o(.text)
    TIM_GetCapture3                          0x08001f89   Thumb Code     6  stm32f10x_tim.o(.text)
    TIM_GetCapture4                          0x08001f8f   Thumb Code     8  stm32f10x_tim.o(.text)
    TIM_GetCounter                           0x08001f97   Thumb Code     6  stm32f10x_tim.o(.text)
    TIM_GetPrescaler                         0x08001f9d   Thumb Code     6  stm32f10x_tim.o(.text)
    TIM_GetFlagStatus                        0x08001fa3   Thumb Code    18  stm32f10x_tim.o(.text)
    TIM_ClearFlag                            0x08001fb5   Thumb Code     6  stm32f10x_tim.o(.text)
    TIM_GetITStatus                          0x08001fbb   Thumb Code    34  stm32f10x_tim.o(.text)
    TIM_ClearITPendingBit                    0x08001fdd   Thumb Code     6  stm32f10x_tim.o(.text)
    USART_DeInit                             0x08001fe5   Thumb Code   134  stm32f10x_usart.o(.text)
    USART_Init                               0x0800206b   Thumb Code   210  stm32f10x_usart.o(.text)
    USART_StructInit                         0x0800213d   Thumb Code    24  stm32f10x_usart.o(.text)
    USART_ClockInit                          0x08002155   Thumb Code    34  stm32f10x_usart.o(.text)
    USART_ClockStructInit                    0x08002177   Thumb Code    12  stm32f10x_usart.o(.text)
    USART_Cmd                                0x08002183   Thumb Code    24  stm32f10x_usart.o(.text)
    USART_ITConfig                           0x0800219b   Thumb Code    74  stm32f10x_usart.o(.text)
    USART_DMACmd                             0x080021e5   Thumb Code    18  stm32f10x_usart.o(.text)
    USART_SetAddress                         0x080021f7   Thumb Code    18  stm32f10x_usart.o(.text)
    USART_WakeUpConfig                       0x08002209   Thumb Code    18  stm32f10x_usart.o(.text)
    USART_ReceiverWakeUpCmd                  0x0800221b   Thumb Code    24  stm32f10x_usart.o(.text)
    USART_LINBreakDetectLengthConfig         0x08002233   Thumb Code    18  stm32f10x_usart.o(.text)
    USART_LINCmd                             0x08002245   Thumb Code    24  stm32f10x_usart.o(.text)
    USART_SendData                           0x0800225d   Thumb Code     8  stm32f10x_usart.o(.text)
    USART_ReceiveData                        0x08002265   Thumb Code    10  stm32f10x_usart.o(.text)
    USART_SendBreak                          0x0800226f   Thumb Code    10  stm32f10x_usart.o(.text)
    USART_SetGuardTime                       0x08002279   Thumb Code    16  stm32f10x_usart.o(.text)
    USART_SetPrescaler                       0x08002289   Thumb Code    16  stm32f10x_usart.o(.text)
    USART_SmartCardCmd                       0x08002299   Thumb Code    24  stm32f10x_usart.o(.text)
    USART_SmartCardNACKCmd                   0x080022b1   Thumb Code    24  stm32f10x_usart.o(.text)
    USART_HalfDuplexCmd                      0x080022c9   Thumb Code    24  stm32f10x_usart.o(.text)
    USART_OverSampling8Cmd                   0x080022e1   Thumb Code    22  stm32f10x_usart.o(.text)
    USART_OneBitMethodCmd                    0x080022f7   Thumb Code    24  stm32f10x_usart.o(.text)
    USART_IrDAConfig                         0x0800230f   Thumb Code    18  stm32f10x_usart.o(.text)
    USART_IrDACmd                            0x08002321   Thumb Code    24  stm32f10x_usart.o(.text)
    USART_GetFlagStatus                      0x08002339   Thumb Code    26  stm32f10x_usart.o(.text)
    USART_ClearFlag                          0x08002353   Thumb Code    18  stm32f10x_usart.o(.text)
    USART_GetITStatus                        0x08002365   Thumb Code    84  stm32f10x_usart.o(.text)
    USART_ClearITPendingBit                  0x080023b9   Thumb Code    52  stm32f10x_usart.o(.text)
    main                                     0x080023ed   Thumb Code    16  main.o(.text)
    NMI_Handler                              0x080023fd   Thumb Code     2  stm32f10x_it.o(.text)
    HardFault_Handler                        0x080023ff   Thumb Code     4  stm32f10x_it.o(.text)
    MemManage_Handler                        0x08002403   Thumb Code     4  stm32f10x_it.o(.text)
    BusFault_Handler                         0x08002407   Thumb Code     4  stm32f10x_it.o(.text)
    UsageFault_Handler                       0x0800240b   Thumb Code     4  stm32f10x_it.o(.text)
    SVC_Handler                              0x0800240f   Thumb Code     2  stm32f10x_it.o(.text)
    DebugMon_Handler                         0x08002411   Thumb Code     2  stm32f10x_it.o(.text)
    PendSV_Handler                           0x08002413   Thumb Code     2  stm32f10x_it.o(.text)
    SysTick_Handler                          0x08002415   Thumb Code     2  stm32f10x_it.o(.text)
    localUsartDMAConfig                      0x08002419   Thumb Code   218  musmart.o(.text)
    localUsartConfig                         0x0800254d   Thumb Code   162  musmart.o(.text)
    Usart_SendByte_                          0x080025ef   Thumb Code    30  musmart.o(.text)
    Usart_SendArray_                         0x0800260d   Thumb Code    38  musmart.o(.text)
    Usart_ReadByte_                          0x08002633   Thumb Code    32  musmart.o(.text)
    Usart_ReadArray_                         0x08002653   Thumb Code    98  musmart.o(.text)
    pUsartOnLine                             0x080026b5   Thumb Code     8  musmart.o(.text)
    USART1_IRQHandler                        0x080026bd   Thumb Code   102  musmart.o(.text)
    DMA1_Channel4_IRQHandler                 0x08002723   Thumb Code    34  musmart.o(.text)
    DMA1_Channel5_IRQHandler                 0x08002745   Thumb Code    50  musmart.o(.text)
    Bytes_BUS_RecInit                        0x0800279d   Thumb Code    14  musmart_cho.o(.text)
    msg_feedback                             0x080027ab   Thumb Code    48  musmart_cho.o(.text)
    msg_feedback_ID2                         0x080027db   Thumb Code    40  musmart_cho.o(.text)
    ParamsCheckOut                           0x08002803   Thumb Code    26  musmart_cho.o(.text)
    msg_feedback_ID                          0x0800281d   Thumb Code    36  musmart_cho.o(.text)
    cho_wifi                                 0x08002841   Thumb Code  2354  musmart_cho.o(.text)
    cho_iic                                  0x08003173   Thumb Code   686  musmart_cho.o(.text)
    cho_pwm                                  0x08003421   Thumb Code  1504  musmart_cho.o(.text)
    cho_adc                                  0x08003a01   Thumb Code   436  musmart_cho.o(.text)
    cho_usart                                0x08003bb5   Thumb Code   974  musmart_cho.o(.text)
    cho_io                                   0x08003f83   Thumb Code   738  musmart_cho.o(.text)
    Msg_Filtrate                             0x08004265   Thumb Code   128  musmart_cho.o(.text)
    read_addr                                0x080042e5   Thumb Code     6  musmart_cho.o(.text)
    write_addr                               0x080042eb   Thumb Code     4  musmart_cho.o(.text)
    s_To_h                                   0x080042ef   Thumb Code    12  musmart_cho.o(.text)
    byteMsgSum                               0x080042fb   Thumb Code    30  musmart_cho.o(.text)
    ClockCmd                                 0x08004329   Thumb Code   270  basic_periphset.o(.text)
    NVICCmd                                  0x08004437   Thumb Code    74  basic_periphset.o(.text)
    pPinInit                                 0x08004481   Thumb Code    44  basic_periphset.o(.text)
    pPinDeInit                               0x080044ad   Thumb Code    22  basic_periphset.o(.text)
    usart_opt                                0x080044c3   Thumb Code    38  basic_periphset.o(.text)
    USART2_DMAConfig                         0x080044e9   Thumb Code   188  basic_periphset.o(.text)
    UART4_DMAConfig                          0x080045a5   Thumb Code   188  basic_periphset.o(.text)
    Usart_msg_Mode                           0x08004661   Thumb Code   110  basic_periphset.o(.text)
    pUsartInit                               0x080046cf   Thumb Code   290  basic_periphset.o(.text)
    s_To_h_                                  0x080047f1   Thumb Code    12  basic_periphset.o(.text)
    USART_ICSD                               0x080047fd   Thumb Code    36  basic_periphset.o(.text)
    USART2_IRQHandler                        0x08004821   Thumb Code   306  basic_periphset.o(.text)
    UART4_IRQHandler                         0x08004953   Thumb Code   302  basic_periphset.o(.text)
    DMA1_Channel6_IRQHandler                 0x08004a81   Thumb Code    48  basic_periphset.o(.text)
    DMA2_Channel3_IRQHandler                 0x08004ab1   Thumb Code    44  basic_periphset.o(.text)
    pUsartDeInit                             0x08004add   Thumb Code    28  basic_periphset.o(.text)
    pADCInit                                 0x08004af9   Thumb Code   526  basic_periphset.o(.text)
    pADCDeInit                               0x08004d07   Thumb Code    10  basic_periphset.o(.text)
    pPWMInit                                 0x08004d11   Thumb Code   228  basic_periphset.o(.text)
    ic_channel_cho                           0x08004df5   Thumb Code    24  basic_periphset.o(.text)
    pPWMICInit                               0x08004e0d   Thumb Code   240  basic_periphset.o(.text)
    pluse_num                                0x08004efd   Thumb Code    38  basic_periphset.o(.text)
    pPWMPluseInit                            0x08004f23   Thumb Code   150  basic_periphset.o(.text)
    pPWMDeInit                               0x08004fb9   Thumb Code    12  basic_periphset.o(.text)
    TIM2_IRQHandler                          0x08004fc5   Thumb Code   190  basic_periphset.o(.text)
    TIM3_IRQHandler                          0x08005083   Thumb Code   152  basic_periphset.o(.text)
    TIM4_IRQHandler                          0x0800511b   Thumb Code   152  basic_periphset.o(.text)
    TIM5_IRQHandler                          0x080051b3   Thumb Code   152  basic_periphset.o(.text)
    Choose_Way2Send                          0x08005291   Thumb Code    38  basic_periphfunc.o(.text)
    pPinOutPut                               0x080052b7   Thumb Code    22  basic_periphfunc.o(.text)
    pPinReadBit                              0x080052cd   Thumb Code    40  basic_periphfunc.o(.text)
    pUsartWrite                              0x080052f5   Thumb Code    20  basic_periphfunc.o(.text)
    pUsartRead                               0x08005309   Thumb Code    16  basic_periphfunc.o(.text)
    f_To_h                                   0x08005319   Thumb Code    20  basic_periphfunc.o(.text)
    pADCRead                                 0x0800532d   Thumb Code   132  basic_periphfunc.o(.text)
    pPWMSetPulseWid                          0x080053b1   Thumb Code    40  basic_periphfunc.o(.text)
    pPWMSetFrequency                         0x080053d9   Thumb Code     8  basic_periphfunc.o(.text)
    pPWMGetPulse                             0x080053e1   Thumb Code    88  basic_periphfunc.o(.text)
    i_To_h                                   0x08005439   Thumb Code    20  basic_periphfunc.o(.text)
    pPWMICGetPulseWid                        0x0800544d   Thumb Code   230  basic_periphfunc.o(.text)
    pPWMICGetFrequency                       0x08005533   Thumb Code   156  basic_periphfunc.o(.text)
    encoder_Init                             0x08005647   Thumb Code    74  timref.o(.text)
    TIM6_IRQHandler                          0x08005691   Thumb Code    78  timref.o(.text)
    LoopList_Init                            0x080056f9   Thumb Code    42  looplist.o(.text)
    LoopList_AddData                         0x08005723   Thumb Code    54  looplist.o(.text)
    LoopList_AddMultiData                    0x08005759   Thumb Code    72  looplist.o(.text)
    LoopList_GetOneData                      0x080057a1   Thumb Code    52  looplist.o(.text)
    LoopList_GetMultiData                    0x080057d5   Thumb Code    94  looplist.o(.text)
    LoopList_Delete                          0x08005833   Thumb Code    24  looplist.o(.text)
    LoopList_FeedBack                        0x0800584b   Thumb Code    16  looplist.o(.text)
    LoopList_Marked                          0x0800585b   Thumb Code    26  looplist.o(.text)
    judge_iic                                0x08005875   Thumb Code    58  i2c.o(.text)
    pIICInit                                 0x080058af   Thumb Code    96  i2c.o(.text)
    SDA_Input                                0x0800590f   Thumb Code    42  i2c.o(.text)
    SDA_Output                               0x08005939   Thumb Code    42  i2c.o(.text)
    SDA_ReadIn                               0x08005963   Thumb Code    36  i2c.o(.text)
    SDA_                                     0x08005987   Thumb Code    34  i2c.o(.text)
    SCL_                                     0x080059a9   Thumb Code    34  i2c.o(.text)
    IIC_Start                                0x080059cb   Thumb Code   102  i2c.o(.text)
    IIC_Stop                                 0x08005a31   Thumb Code   102  i2c.o(.text)
    IIC_WaitAck                              0x08005a97   Thumb Code   144  i2c.o(.text)
    IIC_SendAck                              0x08005b27   Thumb Code    90  i2c.o(.text)
    IIC_SendNoAck                            0x08005b81   Thumb Code    90  i2c.o(.text)
    IIC_SendByte                             0x08005bdb   Thumb Code   158  i2c.o(.text)
    Queue_addData                            0x08005c79   Thumb Code   128  i2c.o(.text)
    IIC_RecByte                              0x08005cf9   Thumb Code   136  i2c.o(.text)
    Queue_readData                           0x08005d81   Thumb Code   140  i2c.o(.text)
    Queue_readAllDataes                      0x08005e0d   Thumb Code   128  i2c.o(.text)
    USART_printf                             0x08005f0f   Thumb Code   262  common.o(.text)
    delay_us                                 0x08006015   Thumb Code    32  esp8266.o(.text)
    delay_ms                                 0x08006035   Thumb Code    28  esp8266.o(.text)
    ESP8266_UsartDMAConfig                   0x08006091   Thumb Code   112  esp8266.o(.text)
    ESP8266_USARTInit                        0x08006101   Thumb Code   160  esp8266.o(.text)
    USART3_IRQHandler                        0x080061a1   Thumb Code   134  esp8266.o(.text)
    DMA1_Channel3_IRQHandler                 0x08006227   Thumb Code    46  esp8266.o(.text)
    pWifiInit                                0x08006255   Thumb Code    68  esp8266.o(.text)
    pWifiReset                               0x08006299   Thumb Code    32  esp8266.o(.text)
    ESP8266_Cmd                              0x080062b9   Thumb Code   166  esp8266.o(.text)
    pWifi_AT_Test                            0x0800635f   Thumb Code    64  esp8266.o(.text)
    pWifi_NetModeChoose                      0x0800639f   Thumb Code    92  esp8266.o(.text)
    pWifi_JoinAP                             0x080063fb   Thumb Code    50  esp8266.o(.text)
    pWifi_BuildAP                            0x0800642d   Thumb Code    54  esp8266.o(.text)
    pWifi_Use_MultipleId                     0x08006463   Thumb Code   226  esp8266.o(.text)
    pWifi_LinkServer                         0x08006545   Thumb Code   130  esp8266.o(.text)
    pWifi_ifServerMode                       0x080065c7   Thumb Code   132  esp8266.o(.text)
    pWifi_GetLinkStatus                      0x0800664b   Thumb Code    84  esp8266.o(.text)
    pWifi_GetIdLinkStatus                    0x0800669f   Thumb Code   204  esp8266.o(.text)
    pWifi_Inquire_ApIp                       0x0800676b   Thumb Code    90  esp8266.o(.text)
    pWifi_UnvarnishSend                      0x080067c5   Thumb Code    64  esp8266.o(.text)
    pWifi_ExitUnvarnishSend                  0x08006805   Thumb Code    28  esp8266.o(.text)
    pWifiOnLine                              0x08006821   Thumb Code    16  esp8266.o(.text)
    pWifiReadOne_                            0x08006831   Thumb Code    28  esp8266.o(.text)
    pWifiRead_                               0x0800684d   Thumb Code   104  esp8266.o(.text)
    __aeabi_memcpy                           0x08006a31   Thumb Code    36  memcpya.o(.text)
    __aeabi_memcpy4                          0x08006a31   Thumb Code     0  memcpya.o(.text)
    __aeabi_memcpy8                          0x08006a31   Thumb Code     0  memcpya.o(.text)
    __aeabi_memset                           0x08006a55   Thumb Code    14  memseta.o(.text)
    __aeabi_memset4                          0x08006a55   Thumb Code     0  memseta.o(.text)
    __aeabi_memset8                          0x08006a55   Thumb Code     0  memseta.o(.text)
    __aeabi_memclr                           0x08006a63   Thumb Code     4  memseta.o(.text)
    __aeabi_memclr4                          0x08006a63   Thumb Code     0  memseta.o(.text)
    __aeabi_memclr8                          0x08006a63   Thumb Code     0  memseta.o(.text)
    _memset$wrapper                          0x08006a67   Thumb Code    18  memseta.o(.text)
    strstr                                   0x08006a79   Thumb Code    36  strstr.o(.text)
    __aeabi_fdiv                             0x08006a9d   Thumb Code   124  fdiv.o(.text)
    __aeabi_dmul                             0x08006b19   Thumb Code   228  dmul.o(.text)
    __aeabi_ui2f                             0x08006bfd   Thumb Code    10  ffltui.o(.text)
    __aeabi_f2uiz                            0x08006c07   Thumb Code    40  ffixui.o(.text)
    __aeabi_f2d                              0x08006c2f   Thumb Code    38  f2d.o(.text)
    __aeabi_d2f                              0x08006c55   Thumb Code    56  d2f.o(.text)
    __aeabi_uidiv                            0x08006c8d   Thumb Code     0  uidiv.o(.text)
    __aeabi_uidivmod                         0x08006c8d   Thumb Code    44  uidiv.o(.text)
    __I$use$fp                               0x08006cb9   Thumb Code     0  iusefp.o(.text)
    _float_round                             0x08006cb9   Thumb Code    18  fepilogue.o(.text)
    _float_epilogue                          0x08006ccb   Thumb Code    92  fepilogue.o(.text)
    _double_round                            0x08006d27   Thumb Code    30  depilogue.o(.text)
    _double_epilogue                         0x08006d45   Thumb Code   156  depilogue.o(.text)
    __scatterload                            0x08006de1   Thumb Code    28  init.o(.text)
    __scatterload_rt2                        0x08006de1   Thumb Code     0  init.o(.text)
    __aeabi_llsl                             0x08006e05   Thumb Code    30  llshl.o(.text)
    __semihosting_library_function           0x08006e05   Thumb Code     0  semi.o(.text)
    _ll_shift_l                              0x08006e05   Thumb Code     0  llshl.o(.text)
    __aeabi_llsr                             0x08006e23   Thumb Code    32  llushr.o(.text)
    _ll_ushift_r                             0x08006e23   Thumb Code     0  llushr.o(.text)
    __I$use$semihosting$fputc                0x08006e43   Thumb Code     0  iusesemip.o(.text)
    __decompress                             0x08006e43   Thumb Code     0  __dczerorl2.o(.text)
    __decompress1                            0x08006e43   Thumb Code    86  __dczerorl2.o(.text)
    __0printf$3                              0x08006e99   Thumb Code    22  printf3.o(i.__0printf$3)
    __1printf$3                              0x08006e99   Thumb Code     0  printf3.o(i.__0printf$3)
    __2printf                                0x08006e99   Thumb Code     0  printf3.o(i.__0printf$3)
    __0sprintf$3                             0x08006eb9   Thumb Code    34  printf3.o(i.__0sprintf$3)
    __1sprintf$3                             0x08006eb9   Thumb Code     0  printf3.o(i.__0sprintf$3)
    __2sprintf                               0x08006eb9   Thumb Code     0  printf3.o(i.__0sprintf$3)
    __scatterload_copy                       0x08006ee1   Thumb Code    14  handlers.o(i.__scatterload_copy)
    __scatterload_null                       0x08006eef   Thumb Code     2  handlers.o(i.__scatterload_null)
    __scatterload_zeroinit                   0x08006ef1   Thumb Code    14  handlers.o(i.__scatterload_zeroinit)
    fputc                                    0x080070c3   Thumb Code    18  fputc.o(i.fputc)
    free                                     0x080070d5   Thumb Code    76  malloc.o(i.free)
    malloc                                   0x08007125   Thumb Code    92  malloc.o(i.malloc)
    Region$$Table$$Base                      0x08007190   Number         0  anon$$obj.o(Region$$Table)
    Region$$Table$$Limit                     0x080071b0   Number         0  anon$$obj.o(Region$$Table)
    SystemCoreClock                          0x20000000   Data           4  system_stm32f10x.o(.data)
    AHBPrescTable                            0x20000004   Data          16  system_stm32f10x.o(.data)
    Queue_USART1_OverFrame                   0x20000028   Data           1  musmart.o(.data)
    USART1_SendFlag_End                      0x20000029   Data           1  musmart.o(.data)
    USART1_BASE_HAS_BEEN_INIT_FLAG           0x2000002a   Data           1  musmart.o(.data)
    USART1_Channel_FLAG                      0x2000002b   Data           1  musmart.o(.data)
    usmart_nametab                           0x2000002c   Data         156  musmart_config.o(.data)
    iic_name                                 0x200000c8   Data          28  musmart_config.o(.data)
    USART_MSG_Refresh_Mode_U2                0x200000e4   Data           1  basic_periphset.o(.data)
    USART_MSG_Refresh_Mode_U4                0x200000e5   Data           1  basic_periphset.o(.data)
    refresh_msg_lenght_U2                    0x200000e6   Data           2  basic_periphset.o(.data)
    refresh_msg_lenght_U4                    0x200000e8   Data           2  basic_periphset.o(.data)
    data_count_U2                            0x200000ea   Data           2  basic_periphset.o(.data)
    data_count_U4                            0x200000ec   Data           2  basic_periphset.o(.data)
    USART2_SIZE                              0x200000ee   Data           2  basic_periphset.o(.data)
    UART4_SIZE                               0x200000f0   Data           2  basic_periphset.o(.data)
    USART2_Interrupt_Deedback_Object         0x200000f2   Data           1  basic_periphset.o(.data)
    UART4_Interrupt_Deedback_Object          0x200000f3   Data           1  basic_periphset.o(.data)
    getWidth2_h                              0x200000f4   Data           8  basic_periphset.o(.data)
    getWidth3_h                              0x200000fc   Data           8  basic_periphset.o(.data)
    getWidth4_h                              0x20000104   Data           8  basic_periphset.o(.data)
    getWidth5_h                              0x2000010c   Data           8  basic_periphset.o(.data)
    getWidth2_l                              0x20000114   Data           8  basic_periphset.o(.data)
    getWidth3_l                              0x2000011c   Data           8  basic_periphset.o(.data)
    getWidth4_l                              0x20000124   Data           8  basic_periphset.o(.data)
    getWidth5_l                              0x2000012c   Data           8  basic_periphset.o(.data)
    getFrequancy2                            0x20000134   Data           8  basic_periphset.o(.data)
    getFrequancy3                            0x2000013c   Data           8  basic_periphset.o(.data)
    getFrequancy4                            0x20000144   Data           8  basic_periphset.o(.data)
    getFrequancy5                            0x2000014c   Data           8  basic_periphset.o(.data)
    use_pluse_num                            0x20000154   Data           1  timref.o(.data)
    iic_count                                0x20000156   Data           1  i2c.o(.data)
    iic_cho                                  0x20000157   Data           1  i2c.o(.data)
    SCL_cho                                  0x20000158   Data           1  i2c.o(.data)
    SDA_cho                                  0x20000159   Data           1  i2c.o(.data)
    iic_waitask_Succeed                      0x2000015a   Data           1  i2c.o(.data)
    iic_error                                0x2000015b   Data           1  i2c.o(.data)
    Queue_readPoint                          0x2000015c   Data           4  i2c.o(.data)
    Queue_writePoint                         0x20000160   Data           4  i2c.o(.data)
    Queue_dataSize                           0x20000164   Data           4  i2c.o(.data)
    ESP8266_STATE                            0x20000168   Data           1  esp8266.o(.data)
    ucTcpClosedFlag                          0x20000169   Data           1  esp8266.o(.data)
    ESP8266_LinkStatus                       0x2000016a   Data           1  esp8266.o(.data)
    ESP8266_ucIdLinkStatus                   0x2000016b   Data           1  esp8266.o(.data)
    WIFI_Channel_FLAG                        0x2000016c   Data           1  esp8266.o(.data)
    WIFI_READ_FUNC                           0x2000016d   Data           1  esp8266.o(.data)
    WIFI_READ_ID                             0x2000016e   Data           1  esp8266.o(.data)
    ESP8266_RevStrBuffer                     0x20000170   Data           4  esp8266.o(.data)
    __stdout                                 0x20000174   Data           4  stdout.o(.data)
    __microlib_freelist                      0x20000178   Data           4  mvars.o(.data)
    __microlib_freelist_initialised          0x2000017c   Data           4  mvars.o(.data)
    USART1_Send_Branch_Buffer                0x20000180   Data         500  musmart.o(.bss)
    USART1_Rev_Branch_Buffer                 0x20000374   Data         500  musmart.o(.bss)
    DataBuffer                               0x20000568   Data          12  musmart_cho.o(.bss)
    pcOrder_data                             0x20000574   Data         260  musmart_cho.o(.bss)
    toPc_data_U2                             0x20000678   Data         500  basic_periphset.o(.bss)
    Pc_data_U2                               0x2000086c   Data         500  basic_periphset.o(.bss)
    toPc_data_U4                             0x20000a60   Data         500  basic_periphset.o(.bss)
    Pc_data_U4                               0x20000c54   Data         500  basic_periphset.o(.bss)
    toPc_regdata_U2                          0x20000e48   Data          50  basic_periphset.o(.bss)
    Pc_regdata_U2                            0x20000e7a   Data          50  basic_periphset.o(.bss)
    toPc_regdata_U4                          0x20000eac   Data          50  basic_periphset.o(.bss)
    Pc_regdata_U4                            0x20000ede   Data          50  basic_periphset.o(.bss)
    ADC_GetValue                             0x20000f10   Data          32  basic_periphset.o(.bss)
    ADC_Channel_registered                   0x20000f30   Data          16  basic_periphset.o(.bss)
    tim_count                                0x20000f40   Data          24  timref.o(.bss)
    tim_limit                                0x20000f58   Data          24  timref.o(.bss)
    encoder_get                              0x20000f70   Data          24  timref.o(.bss)
    tim_                                     0x20000f88   Data          24  timref.o(.bss)
    IO_Sum                                   0x20000fa0   Data          16  i2c.o(.bss)
    Pin_Sum                                  0x20000fb0   Data          16  i2c.o(.bss)
    Queue_Size                               0x20000fc0   Data         160  i2c.o(.bss)
    strEsp8266_Fram_Record                   0x20001060   Data        1026  esp8266.o(.bss)
    __heap_base                              0x20001468   Data           0  startup_stm32f10x_hd.o(HEAP)
    __heap_limit                             0x20001668   Data           0  startup_stm32f10x_hd.o(HEAP)
    __initial_sp                             0x20001a68   Data           0  startup_stm32f10x_hd.o(STACK)



==============================================================================

Memory Map of the image

  Image Entry point : 0x08000131

  Load Region LR_IROM1 (Base: 0x08000000, Size: 0x00007330, Max: 0x00040000, ABSOLUTE, COMPRESSED[0x00007270])

    Execution Region ER_IROM1 (Base: 0x08000000, Size: 0x000071b0, Max: 0x00040000, ABSOLUTE)

    Base Addr    Size         Type   Attr      Idx    E Section Name        Object

    0x08000000   0x00000130   Data   RO            3    RESET               startup_stm32f10x_hd.o
    0x08000130   0x00000000   Code   RO          705  * .ARM.Collect$$$$00000000  mc_w.l(entry.o)
    0x08000130   0x00000004   Code   RO         1017    .ARM.Collect$$$$00000001  mc_w.l(entry2.o)
    0x08000134   0x00000004   Code   RO         1020    .ARM.Collect$$$$00000004  mc_w.l(entry5.o)
    0x08000138   0x00000000   Code   RO         1022    .ARM.Collect$$$$00000008  mc_w.l(entry7b.o)
    0x08000138   0x00000000   Code   RO         1024    .ARM.Collect$$$$0000000A  mc_w.l(entry8b.o)
    0x08000138   0x00000008   Code   RO         1025    .ARM.Collect$$$$0000000B  mc_w.l(entry9a.o)
    0x08000140   0x00000000   Code   RO         1027    .ARM.Collect$$$$0000000D  mc_w.l(entry10a.o)
    0x08000140   0x00000000   Code   RO         1029    .ARM.Collect$$$$0000000F  mc_w.l(entry11a.o)
    0x08000140   0x00000004   Code   RO         1018    .ARM.Collect$$$$00002712  mc_w.l(entry2.o)
    0x08000144   0x00000024   Code   RO            4    .text               startup_stm32f10x_hd.o
    0x08000168   0x000001e0   Code   RO           24    .text               system_stm32f10x.o
    0x08000348   0x000000dc   Code   RO           64    .text               misc.o
    0x08000424   0x0000044e   Code   RO           80    .text               stm32f10x_adc.o
    0x08000872   0x00000002   PAD
    0x08000874   0x00000254   Code   RO          185    .text               stm32f10x_dma.o
    0x08000ac8   0x0000035c   Code   RO          245    .text               stm32f10x_gpio.o
    0x08000e24   0x000003a4   Code   RO          302    .text               stm32f10x_rcc.o
    0x080011c8   0x00000e1a   Code   RO          361    .text               stm32f10x_tim.o
    0x08001fe2   0x00000002   PAD
    0x08001fe4   0x00000408   Code   RO          376    .text               stm32f10x_usart.o
    0x080023ec   0x00000010   Code   RO          403    .text               main.o
    0x080023fc   0x0000001a   Code   RO          473    .text               stm32f10x_it.o
    0x08002416   0x00000002   PAD
    0x08002418   0x00000384   Code   RO          488    .text               musmart.o
    0x0800279c   0x00001b8c   Code   RO          511    .text               musmart_cho.o
    0x08004328   0x00000f68   Code   RO          574    .text               basic_periphset.o
    0x08005290   0x0000038c   Code   RO          596    .text               basic_periphfunc.o
    0x0800561c   0x000000dc   Code   RO          608    .text               timref.o
    0x080056f8   0x0000017c   Code   RO          627    .text               looplist.o
    0x08005874   0x00000638   Code   RO          648    .text               i2c.o
    0x08005eac   0x00000168   Code   RO          668    .text               common.o
    0x08006014   0x00000a1c   Code   RO          686    .text               esp8266.o
    0x08006a30   0x00000024   Code   RO          708    .text               mc_w.l(memcpya.o)
    0x08006a54   0x00000024   Code   RO          710    .text               mc_w.l(memseta.o)
    0x08006a78   0x00000024   Code   RO          712    .text               mc_w.l(strstr.o)
    0x08006a9c   0x0000007c   Code   RO         1005    .text               mf_w.l(fdiv.o)
    0x08006b18   0x000000e4   Code   RO         1007    .text               mf_w.l(dmul.o)
    0x08006bfc   0x0000000a   Code   RO         1009    .text               mf_w.l(ffltui.o)
    0x08006c06   0x00000028   Code   RO         1011    .text               mf_w.l(ffixui.o)
    0x08006c2e   0x00000026   Code   RO         1013    .text               mf_w.l(f2d.o)
    0x08006c54   0x00000038   Code   RO         1015    .text               mf_w.l(d2f.o)
    0x08006c8c   0x0000002c   Code   RO         1034    .text               mc_w.l(uidiv.o)
    0x08006cb8   0x00000000   Code   RO         1040    .text               mc_w.l(iusefp.o)
    0x08006cb8   0x0000006e   Code   RO         1041    .text               mf_w.l(fepilogue.o)
    0x08006d26   0x000000ba   Code   RO         1043    .text               mf_w.l(depilogue.o)
    0x08006de0   0x00000024   Code   RO         1053    .text               mc_w.l(init.o)
    0x08006e04   0x00000000   Code   RO         1055    .text               mc_w.l(semi.o)
    0x08006e04   0x0000001e   Code   RO         1056    .text               mc_w.l(llshl.o)
    0x08006e22   0x00000020   Code   RO         1058    .text               mc_w.l(llushr.o)
    0x08006e42   0x00000000   Code   RO         1062    .text               mc_w.l(iusesemip.o)
    0x08006e42   0x00000056   Code   RO         1071    .text               mc_w.l(__dczerorl2.o)
    0x08006e98   0x00000020   Code   RO          805    i.__0printf$3       mc_w.l(printf3.o)
    0x08006eb8   0x00000028   Code   RO          807    i.__0sprintf$3      mc_w.l(printf3.o)
    0x08006ee0   0x0000000e   Code   RO         1065    i.__scatterload_copy  mc_w.l(handlers.o)
    0x08006eee   0x00000002   Code   RO         1066    i.__scatterload_null  mc_w.l(handlers.o)
    0x08006ef0   0x0000000e   Code   RO         1067    i.__scatterload_zeroinit  mc_w.l(handlers.o)
    0x08006efe   0x00000002   PAD
    0x08006f00   0x000001b8   Code   RO          812    i._printf_core      mc_w.l(printf3.o)
    0x080070b8   0x0000000a   Code   RO          814    i._sputc            mc_w.l(printf3.o)
    0x080070c2   0x00000012   Code   RO         1031    i.fputc             mc_w.l(fputc.o)
    0x080070d4   0x00000050   Code   RO          977    i.free              mc_w.l(malloc.o)
    0x08007124   0x0000006c   Code   RO          978    i.malloc            mc_w.l(malloc.o)
    0x08007190   0x00000020   Data   RO         1063    Region$$Table       anon$$obj.o


    Execution Region RW_IRAM1 (Base: 0x20000000, Size: 0x00001a68, Max: 0x0000c000, ABSOLUTE, COMPRESSED[0x000000c0])

    Base Addr    Size         Type   Attr      Idx    E Section Name        Object

    0x20000000   0x00000014   Data   RW           25    .data               system_stm32f10x.o
    0x20000014   0x00000014   Data   RW          303    .data               stm32f10x_rcc.o
    0x20000028   0x00000004   Data   RW          490    .data               musmart.o
    0x2000002c   0x000000b8   Data   RW          554    .data               musmart_config.o
    0x200000e4   0x00000070   Data   RW          576    .data               basic_periphset.o
    0x20000154   0x00000001   Data   RW          610    .data               timref.o
    0x20000155   0x00000001   PAD
    0x20000156   0x00000012   Data   RW          650    .data               i2c.o
    0x20000168   0x0000000c   Data   RW          688    .data               esp8266.o
    0x20000174   0x00000004   Data   RW         1033    .data               mc_w.l(stdout.o)
    0x20000178   0x00000004   Data   RW         1038    .data               mc_w.l(mvars.o)
    0x2000017c   0x00000004   Data   RW         1039    .data               mc_w.l(mvars.o)
    0x20000180   0x000003e8   Zero   RW          489    .bss                musmart.o
    0x20000568   0x00000110   Zero   RW          512    .bss                musmart_cho.o
    0x20000678   0x000008c8   Zero   RW          575    .bss                basic_periphset.o
    0x20000f40   0x00000060   Zero   RW          609    .bss                timref.o
    0x20000fa0   0x000000c0   Zero   RW          649    .bss                i2c.o
    0x20001060   0x00000402   Zero   RW          687    .bss                esp8266.o
    0x20001462   0x00000006   PAD
    0x20001468   0x00000200   Zero   RW            2    HEAP                startup_stm32f10x_hd.o
    0x20001668   0x00000400   Zero   RW            1    STACK               startup_stm32f10x_hd.o


==============================================================================

Image component sizes


      Code (inc. data)   RO Data    RW Data    ZI Data      Debug   Object Name

       908         78          0          0          0       4622   basic_periphfunc.o
      3944        290          0        112       2248      12825   basic_periphset.o
       360          0          0          0          0       2299   common.o
         0          0          0          0          0       4508   core_cm3.o
      2588        552          0         12       1026      10505   esp8266.o
      1592         56          0         18        192       6594   i2c.o
       380          0          0          0          0       4159   looplist.o
        16          0          0          0          0     260071   main.o
       220         22          0          0          0       1857   misc.o
       900         38          0          4       1000       3901   musmart.o
      7052        214          0          0        272      10661   musmart_cho.o
         0          0          0        184          0       2165   musmart_config.o
        36          8        304          0       1536        884   startup_stm32f10x_hd.o
      1102         26          0          0          0      20181   stm32f10x_adc.o
       596          8          0          0          0      14294   stm32f10x_dma.o
       860         38          0          0          0       5785   stm32f10x_gpio.o
        26          0          0          0          0       1234   stm32f10x_it.o
       932         36          0         20          0       8988   stm32f10x_rcc.o
      3610         88          0          0          0      43288   stm32f10x_tim.o
      1032         22          0          0          0       8516   stm32f10x_usart.o
       480         38          0         20          0     230071   system_stm32f10x.o
       220         26          0          1         96       1616   timref.o

    ----------------------------------------------------------------------
     26860       1540        336        372       6376     659024   Object Totals
         0          0         32          0          0          0   (incl. Generated)
         6          0          0          1          6          0   (incl. Padding)

    ----------------------------------------------------------------------

      Code (inc. data)   RO Data    RW Data    ZI Data      Debug   Library Member Name

        86          0          0          0          0          0   __dczerorl2.o
         0          0          0          0          0          0   entry.o
         0          0          0          0          0          0   entry10a.o
         0          0          0          0          0          0   entry11a.o
         8          4          0          0          0          0   entry2.o
         4          0          0          0          0          0   entry5.o
         0          0          0          0          0          0   entry7b.o
         0          0          0          0          0          0   entry8b.o
         8          4          0          0          0          0   entry9a.o
        18          0          0          0          0         80   fputc.o
        30          0          0          0          0          0   handlers.o
        36          8          0          0          0         68   init.o
         0          0          0          0          0          0   iusefp.o
         0          0          0          0          0          0   iusesemip.o
        30          0          0          0          0         68   llshl.o
        32          0          0          0          0         68   llushr.o
       188         20          0          0          0        160   malloc.o
        36          0          0          0          0         68   memcpya.o
        36          0          0          0          0        108   memseta.o
         0          0          0          8          0          0   mvars.o
       522         20          0          0          0        336   printf3.o
         0          0          0          0          0          0   semi.o
         0          0          0          4          0          0   stdout.o
        36          0          0          0          0         80   strstr.o
        44          0          0          0          0         80   uidiv.o
        56          0          0          0          0         88   d2f.o
       186          0          0          0          0        176   depilogue.o
       228          0          0          0          0         96   dmul.o
        38          0          0          0          0         68   f2d.o
       124          0          0          0          0         88   fdiv.o
       110          0          0          0          0        168   fepilogue.o
        40          0          0          0          0         68   ffixui.o
        10          0          0          0          0         68   ffltui.o

    ----------------------------------------------------------------------
      1908         56          0         12          0       1936   Library Totals
         2          0          0          0          0          0   (incl. Padding)

    ----------------------------------------------------------------------

      Code (inc. data)   RO Data    RW Data    ZI Data      Debug   Library Name

      1114         56          0         12          0       1116   mc_w.l
       792          0          0          0          0        820   mf_w.l

    ----------------------------------------------------------------------
      1908         56          0         12          0       1936   Library Totals

    ----------------------------------------------------------------------

==============================================================================


      Code (inc. data)   RO Data    RW Data    ZI Data      Debug   

     28768       1596        336        384       6376     658384   Grand Totals
     28768       1596        336        192       6376     658384   ELF Image Totals (compressed)
     28768       1596        336        192          0          0   ROM Totals

==============================================================================

    Total RO  Size (Code + RO Data)                29104 (  28.42kB)
    Total RW  Size (RW Data + ZI Data)              6760 (   6.60kB)
    Total ROM Size (Code + RO Data + RW Data)      29296 (  28.61kB)

==============================================================================

